Archive member included to satisfy reference by file (symbol)

/usr/lib/gcc/arm-none-eabi/10.3.1/thumb/v6-m/nofp/libgcc.a(_dvmd_tls.o)
                              CMakeFiles/OLED.dir/pico-sdk/src/rp2_common/pico_divider/divider.S.obj (__aeabi_idiv0)
/usr/lib/gcc/arm-none-eabi/10.3.1/../../../arm-none-eabi/lib/thumb/v6-m/nofp/libc.a(lib_a-atexit.o)
                              /usr/lib/gcc/arm-none-eabi/10.3.1/../../../arm-none-eabi/lib/thumb/v6-m/nofp/crt0.o (atexit)
/usr/lib/gcc/arm-none-eabi/10.3.1/../../../arm-none-eabi/lib/thumb/v6-m/nofp/libc.a(lib_a-calloc.o)
                              CMakeFiles/OLED.dir/pico-sdk/src/rp2_common/pico_malloc/pico_malloc.c.obj (calloc)
/usr/lib/gcc/arm-none-eabi/10.3.1/../../../arm-none-eabi/lib/thumb/v6-m/nofp/libc.a(lib_a-callocr.o)
                              /usr/lib/gcc/arm-none-eabi/10.3.1/../../../arm-none-eabi/lib/thumb/v6-m/nofp/libc.a(lib_a-calloc.o) (_calloc_r)
/usr/lib/gcc/arm-none-eabi/10.3.1/../../../arm-none-eabi/lib/thumb/v6-m/nofp/libc.a(lib_a-clock.o)
                              CMakeFiles/OLED.dir/RFID.c.obj (clock)
/usr/lib/gcc/arm-none-eabi/10.3.1/../../../arm-none-eabi/lib/thumb/v6-m/nofp/libc.a(lib_a-ctime.o)
                              CMakeFiles/OLED.dir/RFID.c.obj (ctime)
/usr/lib/gcc/arm-none-eabi/10.3.1/../../../arm-none-eabi/lib/thumb/v6-m/nofp/libc.a(lib_a-fini.o)
                              /usr/lib/gcc/arm-none-eabi/10.3.1/../../../arm-none-eabi/lib/thumb/v6-m/nofp/crt0.o (__libc_fini_array)
/usr/lib/gcc/arm-none-eabi/10.3.1/../../../arm-none-eabi/lib/thumb/v6-m/nofp/libc.a(lib_a-impure.o)
                              /usr/lib/gcc/arm-none-eabi/10.3.1/../../../arm-none-eabi/lib/thumb/v6-m/nofp/libc.a(lib_a-calloc.o) (_impure_ptr)
/usr/lib/gcc/arm-none-eabi/10.3.1/../../../arm-none-eabi/lib/thumb/v6-m/nofp/libc.a(lib_a-init.o)
                              /usr/lib/gcc/arm-none-eabi/10.3.1/../../../arm-none-eabi/lib/thumb/v6-m/nofp/crt0.o (__libc_init_array)
/usr/lib/gcc/arm-none-eabi/10.3.1/../../../arm-none-eabi/lib/thumb/v6-m/nofp/libc.a(lib_a-lcltime.o)
                              /usr/lib/gcc/arm-none-eabi/10.3.1/../../../arm-none-eabi/lib/thumb/v6-m/nofp/libc.a(lib_a-ctime.o) (localtime)
/usr/lib/gcc/arm-none-eabi/10.3.1/../../../arm-none-eabi/lib/thumb/v6-m/nofp/libc.a(lib_a-lcltime_r.o)
                              /usr/lib/gcc/arm-none-eabi/10.3.1/../../../arm-none-eabi/lib/thumb/v6-m/nofp/libc.a(lib_a-lcltime.o) (localtime_r)
/usr/lib/gcc/arm-none-eabi/10.3.1/../../../arm-none-eabi/lib/thumb/v6-m/nofp/libc.a(lib_a-malloc.o)
                              CMakeFiles/OLED.dir/pico-sdk/src/rp2_common/pico_malloc/pico_malloc.c.obj (malloc)
/usr/lib/gcc/arm-none-eabi/10.3.1/../../../arm-none-eabi/lib/thumb/v6-m/nofp/libc.a(lib_a-mallocr.o)
                              /usr/lib/gcc/arm-none-eabi/10.3.1/../../../arm-none-eabi/lib/thumb/v6-m/nofp/libc.a(lib_a-callocr.o) (_malloc_r)
/usr/lib/gcc/arm-none-eabi/10.3.1/../../../arm-none-eabi/lib/thumb/v6-m/nofp/libc.a(lib_a-memmove.o)
                              CMakeFiles/OLED.dir/ssd1351.c.obj (memmove)
/usr/lib/gcc/arm-none-eabi/10.3.1/../../../arm-none-eabi/lib/thumb/v6-m/nofp/libc.a(lib_a-mlock.o)
                              /usr/lib/gcc/arm-none-eabi/10.3.1/../../../arm-none-eabi/lib/thumb/v6-m/nofp/libc.a(lib_a-mallocr.o) (__malloc_lock)
/usr/lib/gcc/arm-none-eabi/10.3.1/../../../arm-none-eabi/lib/thumb/v6-m/nofp/libc.a(lib_a-month_lengths.o)
                              /usr/lib/gcc/arm-none-eabi/10.3.1/../../../arm-none-eabi/lib/thumb/v6-m/nofp/libc.a(lib_a-lcltime_r.o) (__month_lengths)
/usr/lib/gcc/arm-none-eabi/10.3.1/../../../arm-none-eabi/lib/thumb/v6-m/nofp/libc.a(lib_a-realloc.o)
                              CMakeFiles/OLED.dir/pico-sdk/src/rp2_common/pico_malloc/pico_malloc.c.obj (realloc)
/usr/lib/gcc/arm-none-eabi/10.3.1/../../../arm-none-eabi/lib/thumb/v6-m/nofp/libc.a(lib_a-reallocr.o)
                              /usr/lib/gcc/arm-none-eabi/10.3.1/../../../arm-none-eabi/lib/thumb/v6-m/nofp/libc.a(lib_a-realloc.o) (_realloc_r)
/usr/lib/gcc/arm-none-eabi/10.3.1/../../../arm-none-eabi/lib/thumb/v6-m/nofp/libc.a(lib_a-sbrkr.o)
                              /usr/lib/gcc/arm-none-eabi/10.3.1/../../../arm-none-eabi/lib/thumb/v6-m/nofp/libc.a(lib_a-mallocr.o) (_sbrk_r)
/usr/lib/gcc/arm-none-eabi/10.3.1/../../../arm-none-eabi/lib/thumb/v6-m/nofp/libc.a(lib_a-strlen-stub.o)
                              CMakeFiles/OLED.dir/ssd1351.c.obj (strlen)
/usr/lib/gcc/arm-none-eabi/10.3.1/../../../arm-none-eabi/lib/thumb/v6-m/nofp/libc.a(lib_a-timesr.o)
                              /usr/lib/gcc/arm-none-eabi/10.3.1/../../../arm-none-eabi/lib/thumb/v6-m/nofp/libc.a(lib_a-clock.o) (_times_r)
/usr/lib/gcc/arm-none-eabi/10.3.1/../../../arm-none-eabi/lib/thumb/v6-m/nofp/libc.a(lib_a-tzcalc_limits.o)
                              /usr/lib/gcc/arm-none-eabi/10.3.1/../../../arm-none-eabi/lib/thumb/v6-m/nofp/libc.a(lib_a-lcltime_r.o) (__tzcalc_limits)
[...]
Memory Configuration

Name             Origin             Length             Attributes
FLASH            0x0000000010000000 0x0000000000200000 xr
RAM              0x0000000020000000 0x0000000000040000 xrw
SCRATCH_X        0x0000000020040000 0x0000000000001000 xrw
SCRATCH_Y        0x0000000020041000 0x0000000000001000 xrw
*default*        0x0000000000000000 0xffffffffffffffff

Linker script and memory map

LOAD /usr/lib/gcc/arm-none-eabi/10.3.1/thumb/v6-m/nofp/crti.o
LOAD /usr/lib/gcc/arm-none-eabi/10.3.1/thumb/v6-m/nofp/crtbegin.o
LOAD /usr/lib/gcc/arm-none-eabi/10.3.1/../../../arm-none-eabi/lib/thumb/v6-m/nofp/crt0.o

.flash_begin    0x0000000010000000        0x0
                0x0000000010000000                __flash_binary_start = .

.boot2          0x0000000010000000      0x100
                0x0000000010000000                __boot2_start__ = .
 *(.boot2)
 .boot2         0x0000000010000000      0x100 /tmp/ccS9O3Rm.o
                0x0000000010000100                __boot2_end__ = .
                0x0000000000000001                ASSERT (((__boot2_end__ - __boot2_start__) == 0x100), ERROR: Pico second stage bootloader must be 256 bytes in size)

.text           0x0000000010000100     0x8598
                0x0000000010000100                __logical_binary_start = .
 *(.vectors)
 .vectors       0x0000000010000100       0xd4 CMakeFiles/OLED.dir/pico-sdk/src/rp2_common/pico_standard_link/crt0.S.obj
                0x0000000010000100                __vectors
                0x0000000010000100                __VECTOR_TABLE
                0x00000000100001c0                isr_invalid
                0x00000000100001c0                __default_isrs_start
                0x00000000100001c2                isr_nmi
                0x00000000100001c4                isr_hardfault
                0x00000000100001c6                isr_svcall
                0x00000000100001c8                isr_pendsv
                0x00000000100001ca                isr_systick
                0x00000000100001cc                isr_irq30
                0x00000000100001cc                __unhandled_user_irq
                0x00000000100001cc                isr_irq13
                0x00000000100001cc                isr_irq27
                0x00000000100001cc                isr_irq31
                0x00000000100001cc                isr_irq5
                0x00000000100001cc                isr_irq11
                0x00000000100001cc                isr_irq23
                0x00000000100001cc                isr_irq18
                0x00000000100001cc                isr_irq28
                0x00000000100001cc                isr_irq19
                0x00000000100001cc                isr_irq0
                0x00000000100001cc                isr_irq6
                0x00000000100001cc                isr_irq22
                0x00000000100001cc                isr_irq17
                0x00000000100001cc                isr_irq14
                0x00000000100001cc                isr_irq2
                0x00000000100001cc                isr_irq10
                0x00000000100001cc                isr_irq8
                0x00000000100001cc                isr_irq24
                0x00000000100001cc                isr_irq1
                0x00000000100001cc                isr_irq7
                0x00000000100001cc                isr_irq21
                0x00000000100001cc                isr_irq20
                0x00000000100001cc                isr_irq15
                0x00000000100001cc                isr_irq25
                0x00000000100001cc                isr_irq4
                0x00000000100001cc                isr_irq16
                0x00000000100001cc                isr_irq29
                0x00000000100001cc                isr_irq26
                0x00000000100001cc                __default_isrs_end
                0x00000000100001cc                isr_irq3
                0x00000000100001cc                isr_irq12
                0x00000000100001cc                isr_irq9
                0x00000000100001d2                unhandled_user_irq_num_in_r0
 *(.binary_info_header)
 .binary_info_header
                0x00000000100001d4       0x14 CMakeFiles/OLED.dir/pico-sdk/src/rp2_common/pico_standard_link/crt0.S.obj
                0x00000000100001e8                __binary_info_header_end = .
 *(.reset)
 .reset         0x00000000100001e8       0xa0 CMakeFiles/OLED.dir/pico-sdk/src/rp2_common/pico_standard_link/crt0.S.obj
                0x00000000100001e8                _entry_point
 .reset         0x0000000010000288       0x30 CMakeFiles/OLED.dir/pico-sdk/src/rp2_common/pico_standard_link/binary_info.c.obj
 *(.init)
 .init          0x00000000100002b8        0x4 /usr/lib/gcc/arm-none-eabi/10.3.1/thumb/v6-m/nofp/crti.o
                0x00000000100002b8                _init
 *(EXCLUDE_FILE(*libm.a: *libc.a:*lib_a-mem*.o *libgcc.a:) .text*)
 .text          0x00000000100002bc       0x98 /usr/lib/gcc/arm-none-eabi/10.3.1/thumb/v6-m/nofp/crtbegin.o
 .text.getStatus
                0x0000000010000354       0x38 CMakeFiles/OLED.dir/main.c.obj
                0x0000000010000354                getStatus
 .text.RFID_init
                0x000000001000038c       0x70 CMakeFiles/OLED.dir/main.c.obj
                0x000000001000038c                RFID_init
 .text.startup.main
                0x00000000100003fc       0xec CMakeFiles/OLED.dir/main.c.obj
                0x00000000100003fc                main
 .text.fps_callback
                0x00000000100004e8       0x18 CMakeFiles/OLED.dir/ssd1351.c.obj
 .text.ssd1351_put_char
                0x0000000010000500      0x604 CMakeFiles/OLED.dir/ssd1351.c.obj
 .text.ssd1351_init
                0x0000000010000b04      0x2ec CMakeFiles/OLED.dir/ssd1351.c.obj
                0x0000000010000b04                ssd1351_init
 .text.ssd1351_clear
                0x0000000010000df0       0x34 CMakeFiles/OLED.dir/ssd1351.c.obj
                0x0000000010000df0                ssd1351_clear
 .text.ssd1351_write_text
                0x0000000010000e24       0x60 CMakeFiles/OLED.dir/ssd1351.c.obj
                0x0000000010000e24                ssd1351_write_text
 .text.ssd1351_write_text_centered
                0x0000000010000e84       0x90 CMakeFiles/OLED.dir/ssd1351.c.obj
                0x0000000010000e84                ssd1351_write_text_centered
 .text.ssd1351_refresh
                0x0000000010000f14      0x30c CMakeFiles/OLED.dir/ssd1351.c.obj
                0x0000000010000f14                ssd1351_refresh
 .text.ssd1351_make_colour
                0x0000000010001220       0x18 CMakeFiles/OLED.dir/ssd1351.c.obj
                0x0000000010001220                ssd1351_make_colour
 .text.ssd1351_draw_line
                0x0000000010001238      0x368 CMakeFiles/OLED.dir/ssd1351.c.obj
                0x0000000010001238                ssd1351_draw_line
 .text.writeCommand
                0x00000000100015a0      0x138 CMakeFiles/OLED.dir/RFID.c.obj
                0x00000000100015a0                writeCommand
 .text.getResponseLength
                0x00000000100016d8       0xd0 CMakeFiles/OLED.dir/RFID.c.obj
                0x00000000100016d8                getResponseLength
 .text.readResponse
                0x00000000100017a8      0x180 CMakeFiles/OLED.dir/RFID.c.obj
                0x00000000100017a8                readResponse
 .text.gpio_set_function
                0x0000000010001928       0x30 CMakeFiles/OLED.dir/pico-sdk/src/rp2_common/hardware_gpio/gpio.c.obj
                0x0000000010001928                gpio_set_function
 .text.gpio_set_pulls
                0x0000000010001958       0x30 CMakeFiles/OLED.dir/pico-sdk/src/rp2_common/hardware_gpio/gpio.c.obj
                0x0000000010001958                gpio_set_pulls
 .text.gpio_init
                0x0000000010001988       0x3c CMakeFiles/OLED.dir/pico-sdk/src/rp2_common/hardware_gpio/gpio.c.obj
                0x0000000010001988                gpio_init
 .text.running_on_fpga
                0x00000000100019c4       0x10 CMakeFiles/OLED.dir/pico-sdk/src/rp2_common/pico_platform/platform.c.obj
                0x00000000100019c4                running_on_fpga
 .text.hw_claim_or_assert
                0x00000000100019d4       0x44 CMakeFiles/OLED.dir/pico-sdk/src/rp2_common/hardware_claim/claim.c.obj
                0x00000000100019d4                hw_claim_or_assert
 .text.hw_claim_unused_from_range
                0x0000000010001a18       0x9c CMakeFiles/OLED.dir/pico-sdk/src/rp2_common/hardware_claim/claim.c.obj
                0x0000000010001a18                hw_claim_unused_from_range
 .text.spin_locks_reset
                0x0000000010001ab4       0x1c CMakeFiles/OLED.dir/pico-sdk/src/rp2_common/hardware_sync/sync.c.obj
                0x0000000010001ab4                spin_locks_reset
 .text.next_striped_spin_lock_num
                0x0000000010001ad0       0x18 CMakeFiles/OLED.dir/pico-sdk/src/rp2_common/hardware_sync/sync.c.obj
                0x0000000010001ad0                next_striped_spin_lock_num
 .text.spin_lock_claim_unused
                0x0000000010001ae8       0x20 CMakeFiles/OLED.dir/pico-sdk/src/rp2_common/hardware_sync/sync.c.obj
                0x0000000010001ae8                spin_lock_claim_unused
 .text.irq_set_enabled
                0x0000000010001b08       0x24 CMakeFiles/OLED.dir/pico-sdk/src/rp2_common/hardware_irq/irq.c.obj
                0x0000000010001b08                irq_set_enabled
 .text.irq_set_pending
                0x0000000010001b2c       0x10 CMakeFiles/OLED.dir/pico-sdk/src/rp2_common/hardware_irq/irq.c.obj
                0x0000000010001b2c                irq_set_pending
 .text.irq_has_shared_handler
                0x0000000010001b3c       0x2c CMakeFiles/OLED.dir/pico-sdk/src/rp2_common/hardware_irq/irq.c.obj
                0x0000000010001b3c                irq_has_shared_handler
 .text.irq_get_vtable_handler
                0x0000000010001b68       0x10 CMakeFiles/OLED.dir/pico-sdk/src/rp2_common/hardware_irq/irq.c.obj
                0x0000000010001b68                irq_get_vtable_handler
 .text.irq_set_exclusive_handler
                0x0000000010001b78       0x54 CMakeFiles/OLED.dir/pico-sdk/src/rp2_common/hardware_irq/irq.c.obj
                0x0000000010001b78                irq_set_exclusive_handler
 .text.irq_add_shared_handler
                0x0000000010001bcc      0x1e8 CMakeFiles/OLED.dir/pico-sdk/src/rp2_common/hardware_irq/irq.c.obj
                0x0000000010001bcc                irq_add_shared_handler
 .text.irq_remove_handler
                0x0000000010001db4      0x1b0 CMakeFiles/OLED.dir/pico-sdk/src/rp2_common/hardware_irq/irq.c.obj
                0x0000000010001db4                irq_remove_handler
 .text.irq_add_tail_to_free_list
                0x0000000010001f64       0xb4 CMakeFiles/OLED.dir/pico-sdk/src/rp2_common/hardware_irq/irq.c.obj
                0x0000000010001f64                irq_add_tail_to_free_list
 .text.irq_init_priorities
                0x0000000010002018       0x24 CMakeFiles/OLED.dir/pico-sdk/src/rp2_common/hardware_irq/irq.c.obj
                0x0000000010002018                irq_init_priorities
 .text.user_irq_claim_unused
                0x000000001000203c       0x28 CMakeFiles/OLED.dir/pico-sdk/src/rp2_common/hardware_irq/irq.c.obj
                0x000000001000203c                user_irq_claim_unused
 .text.lock_init
                0x0000000010002064       0x10 CMakeFiles/OLED.dir/pico-sdk/src/common/pico_sync/lock_core.c.obj
                0x0000000010002064                lock_init
 .text.mutex_init
                0x0000000010002074       0x1c CMakeFiles/OLED.dir/pico-sdk/src/common/pico_sync/mutex.c.obj
                0x0000000010002074                mutex_init
 .text.recursive_mutex_init
                0x0000000010002090       0x1c CMakeFiles/OLED.dir/pico-sdk/src/common/pico_sync/mutex.c.obj
                0x0000000010002090                recursive_mutex_init
 .text.critical_section_init
                0x00000000100020ac       0x20 CMakeFiles/OLED.dir/pico-sdk/src/common/pico_sync/critical_section.c.obj
                0x00000000100020ac                critical_section_init
 .text.critical_section_init_with_lock_num
                0x00000000100020cc       0x14 CMakeFiles/OLED.dir/pico-sdk/src/common/pico_sync/critical_section.c.obj
                0x00000000100020cc                critical_section_init_with_lock_num
 .text.timer_pool_entry_comparator
                0x00000000100020e0       0x34 CMakeFiles/OLED.dir/pico-sdk/src/common/pico_time/time.c.obj
                0x00000000100020e0                timer_pool_entry_comparator
 .text.repeating_timer_callback
                0x0000000010002114       0x1c CMakeFiles/OLED.dir/pico-sdk/src/common/pico_time/time.c.obj
 .text.sleep_until_callback
                0x0000000010002130       0x30 CMakeFiles/OLED.dir/pico-sdk/src/common/pico_time/time.c.obj
 .text.add_alarm_under_lock.isra.0
                0x0000000010002160      0x100 CMakeFiles/OLED.dir/pico-sdk/src/common/pico_time/time.c.obj
 .text.alarm_pool_alarm_callback
                0x0000000010002260      0x1bc CMakeFiles/OLED.dir/pico-sdk/src/common/pico_time/time.c.obj
 .text.alarm_pool_init_default
                0x000000001000241c       0x6c CMakeFiles/OLED.dir/pico-sdk/src/common/pico_time/time.c.obj
                0x000000001000241c                alarm_pool_init_default
 .text.alarm_pool_get_default
                0x0000000010002488        0x8 CMakeFiles/OLED.dir/pico-sdk/src/common/pico_time/time.c.obj
                0x0000000010002488                alarm_pool_get_default
 .text.alarm_pool_add_alarm_at
                0x0000000010002490      0x178 CMakeFiles/OLED.dir/pico-sdk/src/common/pico_time/time.c.obj
                0x0000000010002490                alarm_pool_add_alarm_at
 .text.alarm_pool_core_num
                0x0000000010002608        0x4 CMakeFiles/OLED.dir/pico-sdk/src/common/pico_time/time.c.obj
                0x0000000010002608                alarm_pool_core_num
 .text.alarm_pool_add_repeating_timer_us
                0x000000001000260c      0x208 CMakeFiles/OLED.dir/pico-sdk/src/common/pico_time/time.c.obj
                0x000000001000260c                alarm_pool_add_repeating_timer_us
 .text.sleep_until
                0x0000000010002814       0xc4 CMakeFiles/OLED.dir/pico-sdk/src/common/pico_time/time.c.obj
                0x0000000010002814                sleep_until
 .text.sleep_ms
                0x00000000100028d8       0x34 CMakeFiles/OLED.dir/pico-sdk/src/common/pico_time/time.c.obj
                0x00000000100028d8                sleep_ms
 .text.best_effort_wfe_or_timeout
                0x000000001000290c       0xd4 CMakeFiles/OLED.dir/pico-sdk/src/common/pico_time/time.c.obj
                0x000000001000290c                best_effort_wfe_or_timeout
 .text.hardware_alarm_irq_handler
                0x00000000100029e0       0xbc CMakeFiles/OLED.dir/pico-sdk/src/rp2_common/hardware_timer/timer.c.obj
 .text.hardware_alarm_claim
                0x0000000010002a9c       0x18 CMakeFiles/OLED.dir/pico-sdk/src/rp2_common/hardware_timer/timer.c.obj
                0x0000000010002a9c                hardware_alarm_claim
 .text.time_us_64
                0x0000000010002ab4       0x14 CMakeFiles/OLED.dir/pico-sdk/src/rp2_common/hardware_timer/timer.c.obj
                0x0000000010002ab4                time_us_64
 .text.busy_wait_until
                0x0000000010002ac8       0x20 CMakeFiles/OLED.dir/pico-sdk/src/rp2_common/hardware_timer/timer.c.obj
                0x0000000010002ac8                busy_wait_until
 .text.hardware_alarm_set_callback
                0x0000000010002ae8       0x8c CMakeFiles/OLED.dir/pico-sdk/src/rp2_common/hardware_timer/timer.c.obj
                0x0000000010002ae8                hardware_alarm_set_callback
 .text.hardware_alarm_set_target
                0x0000000010002b74       0xd4 CMakeFiles/OLED.dir/pico-sdk/src/rp2_common/hardware_timer/timer.c.obj
                0x0000000010002b74                hardware_alarm_set_target
 .text.hardware_alarm_cancel
                0x0000000010002c48       0x3c CMakeFiles/OLED.dir/pico-sdk/src/rp2_common/hardware_timer/timer.c.obj
                0x0000000010002c48                hardware_alarm_cancel
 .text.ph_merge_nodes
                0x0000000010002c84       0x68 CMakeFiles/OLED.dir/pico-sdk/src/common/pico_util/pheap.c.obj
 .text.ph_post_alloc_init
                0x0000000010002cec       0x3c CMakeFiles/OLED.dir/pico-sdk/src/common/pico_util/pheap.c.obj
                0x0000000010002cec                ph_post_alloc_init
 .text.ph_merge_two_pass
                0x0000000010002d28       0x90 CMakeFiles/OLED.dir/pico-sdk/src/common/pico_util/pheap.c.obj
                0x0000000010002d28                ph_merge_two_pass
 .text.ph_remove_any_head
                0x0000000010002db8      0x100 CMakeFiles/OLED.dir/pico-sdk/src/common/pico_util/pheap.c.obj
 .text.ph_remove_head
                0x0000000010002eb8      0x104 CMakeFiles/OLED.dir/pico-sdk/src/common/pico_util/pheap.c.obj
                0x0000000010002eb8                ph_remove_head
 .text.ph_remove_and_free_node
                0x0000000010002fbc       0x7c CMakeFiles/OLED.dir/pico-sdk/src/common/pico_util/pheap.c.obj
                0x0000000010002fbc                ph_remove_and_free_node
 .text.clocks_init
                0x0000000010003038      0x2d0 CMakeFiles/OLED.dir/pico-sdk/src/rp2_common/hardware_clocks/clocks.c.obj
                0x0000000010003038                clocks_init
 .text.clock_get_hz
                0x0000000010003308        0xc CMakeFiles/OLED.dir/pico-sdk/src/rp2_common/hardware_clocks/clocks.c.obj
                0x0000000010003308                clock_get_hz
 .text.pll_init
                0x0000000010003314       0xa0 CMakeFiles/OLED.dir/pico-sdk/src/rp2_common/hardware_pll/pll.c.obj
                0x0000000010003314                pll_init
 .text.watchdog_start_tick
                0x00000000100033b4       0x10 CMakeFiles/OLED.dir/pico-sdk/src/rp2_common/hardware_watchdog/watchdog.c.obj
                0x00000000100033b4                watchdog_start_tick
 .text.watchdog_reboot
                0x00000000100033c4       0x98 CMakeFiles/OLED.dir/pico-sdk/src/rp2_common/hardware_watchdog/watchdog.c.obj
                0x00000000100033c4                watchdog_reboot
 .text.xosc_init
                0x000000001000345c       0x28 CMakeFiles/OLED.dir/pico-sdk/src/rp2_common/hardware_xosc/xosc.c.obj
                0x000000001000345c                xosc_init
 .text.runtime_init
                0x0000000010003484       0xf0 CMakeFiles/OLED.dir/pico-sdk/src/rp2_common/pico_runtime/runtime.c.obj
                0x0000000010003484                runtime_init
 .text._exit    0x0000000010003574        0x4 CMakeFiles/OLED.dir/pico-sdk/src/rp2_common/pico_runtime/runtime.c.obj
                0x0000000010003574                _exit
 .text.exit     0x0000000010003578        0x8 CMakeFiles/OLED.dir/pico-sdk/src/rp2_common/pico_runtime/runtime.c.obj
                0x0000000010003578                exit
 .text.panic    0x0000000010003580       0x30 CMakeFiles/OLED.dir/pico-sdk/src/rp2_common/pico_runtime/runtime.c.obj
                0x0000000010003580                panic
 .text.hard_assertion_failure
                0x00000000100035b0        0xc CMakeFiles/OLED.dir/pico-sdk/src/rp2_common/pico_runtime/runtime.c.obj
                0x00000000100035b0                hard_assertion_failure
 .text._out_buffer
                0x00000000100035bc        0x8 CMakeFiles/OLED.dir/pico-sdk/src/rp2_common/pico_printf/printf.c.obj
 .text._out_null
                0x00000000100035c4        0x4 CMakeFiles/OLED.dir/pico-sdk/src/rp2_common/pico_printf/printf.c.obj
 .text._out_rev
                0x00000000100035c8       0x9c CMakeFiles/OLED.dir/pico-sdk/src/rp2_common/pico_printf/printf.c.obj
 .text._ntoa_format
                0x0000000010003664      0x1cc CMakeFiles/OLED.dir/pico-sdk/src/rp2_common/pico_printf/printf.c.obj
 .text._out_char
                0x0000000010003830       0x10 CMakeFiles/OLED.dir/pico-sdk/src/rp2_common/pico_printf/printf.c.obj
 .text._out_fct
                0x0000000010003840       0x10 CMakeFiles/OLED.dir/pico-sdk/src/rp2_common/pico_printf/printf.c.obj
 .text._etoa    0x0000000010003850      0x44c CMakeFiles/OLED.dir/pico-sdk/src/rp2_common/pico_printf/printf.c.obj
 .text._ftoa    0x0000000010003c9c      0x398 CMakeFiles/OLED.dir/pico-sdk/src/rp2_common/pico_printf/printf.c.obj
 .text._vsnprintf
                0x0000000010004034      0xb04 CMakeFiles/OLED.dir/pico-sdk/src/rp2_common/pico_printf/printf.c.obj
 .text.__wrap_sprintf
                0x0000000010004b38       0x28 CMakeFiles/OLED.dir/pico-sdk/src/rp2_common/pico_printf/printf.c.obj
                0x0000000010004b38                __wrap_sprintf
 .text.vfctprintf
                0x0000000010004b60       0x20 CMakeFiles/OLED.dir/pico-sdk/src/rp2_common/pico_printf/printf.c.obj
                0x0000000010004b60                vfctprintf
 .text.weak_raw_vprintf
                0x0000000010004b80       0x30 CMakeFiles/OLED.dir/pico-sdk/src/rp2_common/pico_printf/printf.c.obj
                0x0000000010004b80                weak_raw_vprintf
 .text          0x0000000010004bb0       0x10 CMakeFiles/OLED.dir/pico-sdk/src/rp2_common/pico_bit_ops/bit_ops_aeabi.S.obj
 .text.rom_func_lookup
                0x0000000010004bc0       0x10 CMakeFiles/OLED.dir/pico-sdk/src/rp2_common/pico_bootrom/bootrom.c.obj
                0x0000000010004bc0                rom_func_lookup
 .text.rom_data_lookup
                0x0000000010004bd0       0x10 CMakeFiles/OLED.dir/pico-sdk/src/rp2_common/pico_bootrom/bootrom.c.obj
                0x0000000010004bd0                rom_data_lookup
 .text.rom_funcs_lookup
                0x0000000010004be0       0x44 CMakeFiles/OLED.dir/pico-sdk/src/rp2_common/pico_bootrom/bootrom.c.obj
                0x0000000010004be0                rom_funcs_lookup
 .text.__wrap___aeabi_idiv
                0x0000000010004c24       0x50 CMakeFiles/OLED.dir/pico-sdk/src/rp2_common/pico_divider/divider.S.obj
                0x0000000010004c24                __wrap___aeabi_idivmod
                0x0000000010004c24                divmod_s32s32
                0x0000000010004c24                div_s32s32
                0x0000000010004c24                __wrap___aeabi_idiv
                0x0000000010004c2c                divmod_s32s32_unsafe
                0x0000000010004c58                divmod_s32s32_savestate
 .text.__wrap___aeabi_uidiv
                0x0000000010004c74       0x4c CMakeFiles/OLED.dir/pico-sdk/src/rp2_common/pico_divider/divider.S.obj
                0x0000000010004c74                __wrap___aeabi_uidiv
                0x0000000010004c74                __wrap___aeabi_uidivmod
                0x0000000010004c74                div_u32u32
                0x0000000010004c74                divmod_u32u32
                0x0000000010004c7c                divmod_u32u32_unsafe
                0x0000000010004ca4                divmod_u32u32_savestate
 .text.__wrap___aeabi_ldiv
                0x0000000010004cc0      0x424 CMakeFiles/OLED.dir/pico-sdk/src/rp2_common/pico_divider/divider.S.obj
                0x0000000010004cc0                div_s64s64
                0x0000000010004cc0                divmod_s64s64
                0x0000000010004cc0                __wrap___aeabi_ldivmod
                0x0000000010004cf0                div_u64u64
                0x0000000010004cf0                divmod_u64u64
                0x0000000010004cf0                __wrap___aeabi_uldivmod
                0x0000000010004d00                divmod_u64u64_savestate
                0x0000000010004d20                divmod_s64s64_unsafe
                0x0000000010004da8                divmod_u64u64_unsafe
 .text.__wrap___aeabi_darithmetic
                0x00000000100050e4       0x80 CMakeFiles/OLED.dir/pico-sdk/src/rp2_common/pico_double/double_aeabi.S.obj
                0x00000000100050e4                __wrap___aeabi_drsub
                0x00000000100050ea                __wrap___aeabi_dsub
                0x00000000100050fc                __wrap___aeabi_dadd
                0x000000001000510e                __wrap___aeabi_ddiv
                0x000000001000514a                __wrap___aeabi_dmul
 .text.__wrap___aeabi_cdcmple
                0x0000000010005164       0x6c CMakeFiles/OLED.dir/pico-sdk/src/rp2_common/pico_double/double_aeabi.S.obj
                0x0000000010005164                __wrap___aeabi_cdrcmple
                0x0000000010005174                __wrap___aeabi_cdcmple
                0x0000000010005174                __wrap___aeabi_cdcmpeq
 .text.__wrap___aeabi_dcmplt
                0x00000000100051d0        0xc CMakeFiles/OLED.dir/pico-sdk/src/rp2_common/pico_double/double_aeabi.S.obj
                0x00000000100051d0                __wrap___aeabi_dcmplt
 .text.__wrap___aeabi_dcmple
                0x00000000100051dc       0x10 CMakeFiles/OLED.dir/pico-sdk/src/rp2_common/pico_double/double_aeabi.S.obj
                0x00000000100051dc                __wrap___aeabi_dcmple
 .text.__wrap___aeabi_dcmpge
                0x00000000100051ec       0x10 CMakeFiles/OLED.dir/pico-sdk/src/rp2_common/pico_double/double_aeabi.S.obj
                0x00000000100051ec                __wrap___aeabi_dcmpge
 .text.__wrap___aeabi_dcmpgt
                0x00000000100051fc        0xa CMakeFiles/OLED.dir/pico-sdk/src/rp2_common/pico_double/double_aeabi.S.obj
                0x00000000100051fc                __wrap___aeabi_dcmpgt
 .text.__wrap___aeabi_dcmpun
                0x0000000010005206       0x1c CMakeFiles/OLED.dir/pico-sdk/src/rp2_common/pico_double/double_aeabi.S.obj
                0x0000000010005206                __wrap___aeabi_dcmpun
 *fill*         0x0000000010005222        0x2 
 .text.__wrap___aeabi_i2d
                0x0000000010005224       0x38 CMakeFiles/OLED.dir/pico-sdk/src/rp2_common/pico_double/double_aeabi.S.obj
                0x0000000010005224                __wrap___aeabi_ui2d
                0x000000001000522c                __wrap___aeabi_i2d
 .text.__wrap___aeabi_d2iz
                0x000000001000525c       0x48 CMakeFiles/OLED.dir/pico-sdk/src/rp2_common/pico_double/double_aeabi.S.obj
                0x000000001000525c                __wrap___aeabi_d2iz
                0x000000001000525c                double2int_z
 .text.__wrap___aeabi_d2uiz
                0x00000000100052a4       0x18 CMakeFiles/OLED.dir/pico-sdk/src/rp2_common/pico_double/double_aeabi.S.obj
                0x00000000100052a4                double2uint
                0x00000000100052a4                __wrap___aeabi_d2uiz
 .text.__aeabi_double_init
                0x00000000100052bc       0x94 CMakeFiles/OLED.dir/pico-sdk/src/rp2_common/pico_double/double_init_rom.c.obj
                0x00000000100052bc                __aeabi_double_init
 .text.double_table_shim_on_use_helper
                0x0000000010005350       0x2c CMakeFiles/OLED.dir/pico-sdk/src/rp2_common/pico_double/double_v1_rom_shim.S.obj
                0x0000000010005350                double_table_shim_on_use_helper
 .text.__wrap___aeabi_dsub
                0x000000001000537c       0x10 CMakeFiles/OLED.dir/pico-sdk/src/rp2_common/pico_double/double_v1_rom_shim.S.obj
                0x000000001000537c                drsub_shim
                0x0000000010005382                dsub_shim
 .text.dadd_shim
                0x000000001000538c      0x15c CMakeFiles/OLED.dir/pico-sdk/src/rp2_common/pico_double/double_v1_rom_shim.S.obj
                0x000000001000538c                dadd_shim
 .text.dmul_shim
                0x00000000100054e8      0x15c CMakeFiles/OLED.dir/pico-sdk/src/rp2_common/pico_double/double_v1_rom_shim.S.obj
                0x00000000100054e8                dmul_shim
 .text.ddiv_shim
                0x0000000010005644      0x1b0 CMakeFiles/OLED.dir/pico-sdk/src/rp2_common/pico_double/double_v1_rom_shim.S.obj
                0x0000000010005644                ddiv_shim
 .text.double2uint_shim
                0x00000000100057f4        0xe CMakeFiles/OLED.dir/pico-sdk/src/rp2_common/pico_double/double_v1_rom_shim.S.obj
                0x00000000100057f4                double2uint_shim
                0x00000000100057f6                double2ufix_shim
 *fill*         0x0000000010005802        0x2 
 .text.double2uint64_shim
                0x0000000010005804       0x70 CMakeFiles/OLED.dir/pico-sdk/src/rp2_common/pico_double/double_v1_rom_shim.S.obj
                0x0000000010005804                double2uint64_shim
                0x0000000010005806                double2ufix64_shim
                0x0000000010005826                d2fix_a
 .text.dunpacks
                0x0000000010005874       0x3c CMakeFiles/OLED.dir/pico-sdk/src/rp2_common/pico_double/double_v1_rom_shim.S.obj
                0x0000000010005874                dunpacks
 .text.__aeabi_lmul
                0x00000000100058b0       0x32 CMakeFiles/OLED.dir/pico-sdk/src/rp2_common/pico_int64_ops/pico_int64_ops_aeabi.S.obj
                0x00000000100058b0                __wrap___aeabi_lmul
 *fill*         0x00000000100058e2        0x2 
 .text.__wrap___aeabi_farithmetic
                0x00000000100058e4       0x48 CMakeFiles/OLED.dir/pico-sdk/src/rp2_common/pico_float/float_aeabi.S.obj
                0x00000000100058e4                __wrap___aeabi_frsub
                0x00000000100058ea                __wrap___aeabi_fsub
                0x00000000100058f0                __wrap___aeabi_fadd
                0x00000000100058f6                __wrap___aeabi_fdiv
                0x000000001000591e                __wrap___aeabi_fmul
 .text.__wrap___aeabi_cfcmple
                0x000000001000592c       0x50 CMakeFiles/OLED.dir/pico-sdk/src/rp2_common/pico_float/float_aeabi.S.obj
                0x000000001000592c                __wrap___aeabi_cfrcmple
                0x0000000010005938                __wrap___aeabi_cfcmpeq
                0x0000000010005938                __wrap___aeabi_cfcmple
 .text.__wrap___aeabi_fcmpgt
                0x000000001000597c        0xa CMakeFiles/OLED.dir/pico-sdk/src/rp2_common/pico_float/float_aeabi.S.obj
                0x000000001000597c                __wrap___aeabi_fcmpgt
 *fill*         0x0000000010005986        0x2 
 .text.__wrap___aeabi_i2f
                0x0000000010005988       0x44 CMakeFiles/OLED.dir/pico-sdk/src/rp2_common/pico_float/float_aeabi.S.obj
                0x0000000010005988                __wrap___aeabi_i2f
 .text.__aeabi_float_init
                0x00000000100059cc       0x64 CMakeFiles/OLED.dir/pico-sdk/src/rp2_common/pico_float/float_init_rom.c.obj
                0x00000000100059cc                __aeabi_float_init
 .text.float_table_shim_on_use_helper
                0x0000000010005a30       0x2c CMakeFiles/OLED.dir/pico-sdk/src/rp2_common/pico_float/float_v1_rom_shim.S.obj
                0x0000000010005a30                float_table_shim_on_use_helper
 .text          0x0000000010005a5c       0x10 CMakeFiles/OLED.dir/pico-sdk/src/rp2_common/pico_mem_ops/mem_ops_aeabi.S.obj
                0x0000000010005a5c                __aeabi_mem_init
 .text.memset   0x0000000010005a6c        0xc CMakeFiles/OLED.dir/pico-sdk/src/rp2_common/pico_mem_ops/mem_ops_aeabi.S.obj
                0x0000000010005a6c                __wrap_memset
 .text.memcpy   0x0000000010005a78        0xc CMakeFiles/OLED.dir/pico-sdk/src/rp2_common/pico_mem_ops/mem_ops_aeabi.S.obj
                0x0000000010005a78                __wrap___aeabi_memcpy
                0x0000000010005a78                __wrap_memcpy
 .text.stdio_out_chars_no_crlf
                0x0000000010005a84       0x10 CMakeFiles/OLED.dir/pico-sdk/src/rp2_common/pico_stdio/stdio.c.obj
 .text.stdio_out_chars_crlf
                0x0000000010005a94       0xb4 CMakeFiles/OLED.dir/pico-sdk/src/rp2_common/pico_stdio/stdio.c.obj
 .text.stdio_buffered_printer
                0x0000000010005b48       0x64 CMakeFiles/OLED.dir/pico-sdk/src/rp2_common/pico_stdio/stdio.c.obj
 .text.stdio_put_string.isra.0
                0x0000000010005bac       0xfc CMakeFiles/OLED.dir/pico-sdk/src/rp2_common/pico_stdio/stdio.c.obj
 .text.__wrap_putchar
                0x0000000010005ca8       0x98 CMakeFiles/OLED.dir/pico-sdk/src/rp2_common/pico_stdio/stdio.c.obj
                0x0000000010005ca8                __wrap_putchar
 .text.__wrap_puts
                0x0000000010005d40       0x3c CMakeFiles/OLED.dir/pico-sdk/src/rp2_common/pico_stdio/stdio.c.obj
                0x0000000010005d40                __wrap_puts
 .text.stdio_set_driver_enabled
                0x0000000010005d7c       0x30 CMakeFiles/OLED.dir/pico-sdk/src/rp2_common/pico_stdio/stdio.c.obj
                0x0000000010005d7c                stdio_set_driver_enabled
 .text.__wrap_vprintf
                0x0000000010005dac       0xd8 CMakeFiles/OLED.dir/pico-sdk/src/rp2_common/pico_stdio/stdio.c.obj
                0x0000000010005dac                __wrap_vprintf
 .text.__wrap_printf
                0x0000000010005e84       0x18 CMakeFiles/OLED.dir/pico-sdk/src/rp2_common/pico_stdio/stdio.c.obj
                0x0000000010005e84                __wrap_printf
 .text.stdio_init_all
                0x0000000010005e9c        0x8 CMakeFiles/OLED.dir/pico-sdk/src/rp2_common/pico_stdio/stdio.c.obj
                0x0000000010005e9c                stdio_init_all
 .text.resetd_init
                0x0000000010005ea4        0x4 CMakeFiles/OLED.dir/pico-sdk/src/rp2_common/pico_stdio_usb/reset_interface.c.obj
 .text.resetd_reset
                0x0000000010005ea8        0xc CMakeFiles/OLED.dir/pico-sdk/src/rp2_common/pico_stdio_usb/reset_interface.c.obj
 .text.resetd_open
                0x0000000010005eb4       0x28 CMakeFiles/OLED.dir/pico-sdk/src/rp2_common/pico_stdio_usb/reset_interface.c.obj
 .text.resetd_xfer_cb
                0x0000000010005edc        0x4 CMakeFiles/OLED.dir/pico-sdk/src/rp2_common/pico_stdio_usb/reset_interface.c.obj
 .text.resetd_control_xfer_cb
                0x0000000010005ee0       0x64 CMakeFiles/OLED.dir/pico-sdk/src/rp2_common/pico_stdio_usb/reset_interface.c.obj
 .text.usbd_app_driver_get_cb
                0x0000000010005f44        0xc CMakeFiles/OLED.dir/pico-sdk/src/rp2_common/pico_stdio_usb/reset_interface.c.obj
                0x0000000010005f44                usbd_app_driver_get_cb
 .text.tud_cdc_line_coding_cb
                0x0000000010005f50       0x34 CMakeFiles/OLED.dir/pico-sdk/src/rp2_common/pico_stdio_usb/reset_interface.c.obj
                0x0000000010005f50                tud_cdc_line_coding_cb
 .text.stdio_usb_set_chars_available_callback
                0x0000000010005f84       0x14 CMakeFiles/OLED.dir/pico-sdk/src/rp2_common/pico_stdio_usb/stdio_usb.c.obj
                0x0000000010005f84                stdio_usb_set_chars_available_callback
 .text.usb_irq  0x0000000010005f98       0x10 CMakeFiles/OLED.dir/pico-sdk/src/rp2_common/pico_stdio_usb/stdio_usb.c.obj
 .text.timer_task
                0x0000000010005fa8       0x54 CMakeFiles/OLED.dir/pico-sdk/src/rp2_common/pico_stdio_usb/stdio_usb.c.obj
 .text.stdio_usb_in_chars
                0x0000000010005ffc       0x90 CMakeFiles/OLED.dir/pico-sdk/src/rp2_common/pico_stdio_usb/stdio_usb.c.obj
                0x0000000010005ffc                stdio_usb_in_chars
 .text.stdio_usb_out_chars
                0x000000001000608c      0x100 CMakeFiles/OLED.dir/pico-sdk/src/rp2_common/pico_stdio_usb/stdio_usb.c.obj
 .text.low_priority_worker_irq
                0x000000001000618c       0xa8 CMakeFiles/OLED.dir/pico-sdk/src/rp2_common/pico_stdio_usb/stdio_usb.c.obj
 .text.tud_cdc_rx_cb
                0x0000000010006234       0x20 CMakeFiles/OLED.dir/pico-sdk/src/rp2_common/pico_stdio_usb/stdio_usb.c.obj
                0x0000000010006234                tud_cdc_rx_cb
 .text.stdio_usb_init
                0x0000000010006254       0xdc CMakeFiles/OLED.dir/pico-sdk/src/rp2_common/pico_stdio_usb/stdio_usb.c.obj
                0x0000000010006254                stdio_usb_init
 .text.tud_descriptor_device_cb
                0x0000000010006330        0x8 CMakeFiles/OLED.dir/pico-sdk/src/rp2_common/pico_stdio_usb/stdio_usb_descriptors.c.obj
                0x0000000010006330                tud_descriptor_device_cb
 .text.tud_descriptor_configuration_cb
                0x0000000010006338        0x8 CMakeFiles/OLED.dir/pico-sdk/src/rp2_common/pico_stdio_usb/stdio_usb_descriptors.c.obj
                0x0000000010006338                tud_descriptor_configuration_cb
 .text.tud_descriptor_string_cb
                0x0000000010006340       0x74 CMakeFiles/OLED.dir/pico-sdk/src/rp2_common/pico_stdio_usb/stdio_usb_descriptors.c.obj
                0x0000000010006340                tud_descriptor_string_cb
 .text.startup._retrieve_unique_id_on_boot
                0x00000000100063b4       0x10 CMakeFiles/OLED.dir/pico-sdk/src/rp2_common/pico_unique_id/unique_id.c.obj
 .text.pico_get_unique_board_id_string
                0x00000000100063c4      0x1a8 CMakeFiles/OLED.dir/pico-sdk/src/rp2_common/pico_unique_id/unique_id.c.obj
                0x00000000100063c4                pico_get_unique_board_id_string
 .text.flash_get_unique_id
                0x000000001000656c       0x40 CMakeFiles/OLED.dir/pico-sdk/src/rp2_common/hardware_flash/flash.c.obj
                0x000000001000656c                flash_get_unique_id
 .text.dcd_int_enable
                0x00000000100065ac        0xc CMakeFiles/OLED.dir/pico-sdk/lib/tinyusb/src/portable/raspberrypi/rp2040/dcd_rp2040.c.obj
                0x00000000100065ac                dcd_int_enable
 .text.dcd_set_address
                0x00000000100065b8       0x14 CMakeFiles/OLED.dir/pico-sdk/lib/tinyusb/src/portable/raspberrypi/rp2040/dcd_rp2040.c.obj
                0x00000000100065b8                dcd_set_address
 .text.dcd_connect
                0x00000000100065cc       0x10 CMakeFiles/OLED.dir/pico-sdk/lib/tinyusb/src/portable/raspberrypi/rp2040/dcd_rp2040.c.obj
                0x00000000100065cc                dcd_connect
 .text.dcd_init
                0x00000000100065dc       0x98 CMakeFiles/OLED.dir/pico-sdk/lib/tinyusb/src/portable/raspberrypi/rp2040/dcd_rp2040.c.obj
                0x00000000100065dc                dcd_init
 .text.dcd_edpt0_status_complete
                0x0000000010006674       0x1c CMakeFiles/OLED.dir/pico-sdk/lib/tinyusb/src/portable/raspberrypi/rp2040/dcd_rp2040.c.obj
                0x0000000010006674                dcd_edpt0_status_complete
 .text.dcd_edpt_open
                0x0000000010006690      0x108 CMakeFiles/OLED.dir/pico-sdk/lib/tinyusb/src/portable/raspberrypi/rp2040/dcd_rp2040.c.obj
                0x0000000010006690                dcd_edpt_open
 .text.dcd_edpt_close_all
                0x0000000010006798        0x8 CMakeFiles/OLED.dir/pico-sdk/lib/tinyusb/src/portable/raspberrypi/rp2040/dcd_rp2040.c.obj
                0x0000000010006798                dcd_edpt_close_all
 .text.dcd_edpt_xfer
                0x00000000100067a0       0x24 CMakeFiles/OLED.dir/pico-sdk/lib/tinyusb/src/portable/raspberrypi/rp2040/dcd_rp2040.c.obj
                0x00000000100067a0                dcd_edpt_xfer
 .text.dcd_edpt_stall
                0x00000000100067c4       0x38 CMakeFiles/OLED.dir/pico-sdk/lib/tinyusb/src/portable/raspberrypi/rp2040/dcd_rp2040.c.obj
                0x00000000100067c4                dcd_edpt_stall
 .text.dcd_edpt_clear_stall
                0x00000000100067fc       0x30 CMakeFiles/OLED.dir/pico-sdk/lib/tinyusb/src/portable/raspberrypi/rp2040/dcd_rp2040.c.obj
                0x00000000100067fc                dcd_edpt_clear_stall
 .text.rp2040_usb_init
                0x000000001000682c       0x4c CMakeFiles/OLED.dir/pico-sdk/lib/tinyusb/src/portable/raspberrypi/rp2040/rp2040_usb.c.obj
                0x000000001000682c                rp2040_usb_init
 .text.hw_endpoint_xfer_start
                0x0000000010006878       0x50 CMakeFiles/OLED.dir/pico-sdk/lib/tinyusb/src/portable/raspberrypi/rp2040/rp2040_usb.c.obj
                0x0000000010006878                hw_endpoint_xfer_start
 .text.tud_mounted
                0x00000000100068c8       0x10 CMakeFiles/OLED.dir/pico-sdk/lib/tinyusb/src/device/usbd.c.obj
                0x00000000100068c8                tud_mounted
 .text.tud_suspended
                0x00000000100068d8       0x10 CMakeFiles/OLED.dir/pico-sdk/lib/tinyusb/src/device/usbd.c.obj
                0x00000000100068d8                tud_suspended
 .text.tud_inited
                0x00000000100068e8       0x14 CMakeFiles/OLED.dir/pico-sdk/lib/tinyusb/src/device/usbd.c.obj
                0x00000000100068e8                tud_inited
 .text.tud_init
                0x00000000100068fc       0xe4 CMakeFiles/OLED.dir/pico-sdk/lib/tinyusb/src/device/usbd.c.obj
                0x00000000100068fc                tud_init
 .text.tud_task_ext
                0x00000000100069e0      0x854 CMakeFiles/OLED.dir/pico-sdk/lib/tinyusb/src/device/usbd.c.obj
                0x00000000100069e0                tud_task_ext
 .text.usbd_open_edpt_pair
                0x0000000010007234       0x9c CMakeFiles/OLED.dir/pico-sdk/lib/tinyusb/src/device/usbd.c.obj
                0x0000000010007234                usbd_open_edpt_pair
 .text.usbd_defer_func
                0x00000000100072d0       0x48 CMakeFiles/OLED.dir/pico-sdk/lib/tinyusb/src/device/usbd.c.obj
                0x00000000100072d0                usbd_defer_func
 .text.usbd_edpt_open
                0x0000000010007318       0x34 CMakeFiles/OLED.dir/pico-sdk/lib/tinyusb/src/device/usbd.c.obj
                0x0000000010007318                usbd_edpt_open
 .text.usbd_edpt_claim
                0x000000001000734c       0x28 CMakeFiles/OLED.dir/pico-sdk/lib/tinyusb/src/device/usbd.c.obj
                0x000000001000734c                usbd_edpt_claim
 .text.usbd_edpt_release
                0x0000000010007374       0x28 CMakeFiles/OLED.dir/pico-sdk/lib/tinyusb/src/device/usbd.c.obj
                0x0000000010007374                usbd_edpt_release
 .text.usbd_edpt_xfer
                0x000000001000739c       0x4c CMakeFiles/OLED.dir/pico-sdk/lib/tinyusb/src/device/usbd.c.obj
                0x000000001000739c                usbd_edpt_xfer
 .text.tud_control_status
                0x00000000100073e8       0x30 CMakeFiles/OLED.dir/pico-sdk/lib/tinyusb/src/device/usbd_control.c.obj
                0x00000000100073e8                tud_control_status
 .text.tud_control_xfer
                0x0000000010007418       0xbc CMakeFiles/OLED.dir/pico-sdk/lib/tinyusb/src/device/usbd_control.c.obj
                0x0000000010007418                tud_control_xfer
 .text.usbd_control_reset
                0x00000000100074d4       0x14 CMakeFiles/OLED.dir/pico-sdk/lib/tinyusb/src/device/usbd_control.c.obj
                0x00000000100074d4                usbd_control_reset
 .text.usbd_control_set_complete_callback
                0x00000000100074e8        0xc CMakeFiles/OLED.dir/pico-sdk/lib/tinyusb/src/device/usbd_control.c.obj
                0x00000000100074e8                usbd_control_set_complete_callback
 .text.usbd_control_set_request
                0x00000000100074f4       0x1c CMakeFiles/OLED.dir/pico-sdk/lib/tinyusb/src/device/usbd_control.c.obj
                0x00000000100074f4                usbd_control_set_request
 .text.usbd_control_xfer_cb
                0x0000000010007510       0xfc CMakeFiles/OLED.dir/pico-sdk/lib/tinyusb/src/device/usbd_control.c.obj
                0x0000000010007510                usbd_control_xfer_cb
 .text.tud_cdc_n_connected
                0x000000001000760c       0x30 CMakeFiles/OLED.dir/pico-sdk/lib/tinyusb/src/class/cdc/cdc_device.c.obj
                0x000000001000760c                tud_cdc_n_connected
 .text.tud_cdc_n_available
                0x000000001000763c       0x18 CMakeFiles/OLED.dir/pico-sdk/lib/tinyusb/src/class/cdc/cdc_device.c.obj
                0x000000001000763c                tud_cdc_n_available
 .text.tud_cdc_n_read
                0x0000000010007654       0x70 CMakeFiles/OLED.dir/pico-sdk/lib/tinyusb/src/class/cdc/cdc_device.c.obj
                0x0000000010007654                tud_cdc_n_read
 .text.tud_cdc_n_write_flush
                0x00000000100076c4       0x78 CMakeFiles/OLED.dir/pico-sdk/lib/tinyusb/src/class/cdc/cdc_device.c.obj
                0x00000000100076c4                tud_cdc_n_write_flush
 .text.tud_cdc_n_write
                0x000000001000773c       0x34 CMakeFiles/OLED.dir/pico-sdk/lib/tinyusb/src/class/cdc/cdc_device.c.obj
                0x000000001000773c                tud_cdc_n_write
 .text.tud_cdc_n_write_available
                0x0000000010007770       0x18 CMakeFiles/OLED.dir/pico-sdk/lib/tinyusb/src/class/cdc/cdc_device.c.obj
                0x0000000010007770                tud_cdc_n_write_available
 .text.cdcd_init
                0x0000000010007788       0x7c CMakeFiles/OLED.dir/pico-sdk/lib/tinyusb/src/class/cdc/cdc_device.c.obj
                0x0000000010007788                cdcd_init
 .text.cdcd_reset
                0x0000000010007804       0x2c CMakeFiles/OLED.dir/pico-sdk/lib/tinyusb/src/class/cdc/cdc_device.c.obj
                0x0000000010007804                cdcd_reset
 .text.cdcd_open
                0x0000000010007830       0xe8 CMakeFiles/OLED.dir/pico-sdk/lib/tinyusb/src/class/cdc/cdc_device.c.obj
                0x0000000010007830                cdcd_open
 .text.cdcd_control_xfer_cb
                0x0000000010007918       0xe4 CMakeFiles/OLED.dir/pico-sdk/lib/tinyusb/src/class/cdc/cdc_device.c.obj
                0x0000000010007918                cdcd_control_xfer_cb
 .text.cdcd_xfer_cb
                0x00000000100079fc      0x148 CMakeFiles/OLED.dir/pico-sdk/lib/tinyusb/src/class/cdc/cdc_device.c.obj
                0x00000000100079fc                cdcd_xfer_cb
 .text.tusb_init
                0x0000000010007b44        0xc CMakeFiles/OLED.dir/pico-sdk/lib/tinyusb/src/tusb.c.obj
                0x0000000010007b44                tusb_init
 .text.tusb_inited
                0x0000000010007b50        0x8 CMakeFiles/OLED.dir/pico-sdk/lib/tinyusb/src/tusb.c.obj
                0x0000000010007b50                tusb_inited
 .text.tu_edpt_claim
                0x0000000010007b58       0x50 CMakeFiles/OLED.dir/pico-sdk/lib/tinyusb/src/tusb.c.obj
                0x0000000010007b58                tu_edpt_claim
 .text.tu_edpt_release
                0x0000000010007ba8       0x38 CMakeFiles/OLED.dir/pico-sdk/lib/tinyusb/src/tusb.c.obj
                0x0000000010007ba8                tu_edpt_release
 .text.tu_edpt_validate
                0x0000000010007be0       0x78 CMakeFiles/OLED.dir/pico-sdk/lib/tinyusb/src/tusb.c.obj
                0x0000000010007be0                tu_edpt_validate
 .text.tu_edpt_bind_driver
                0x0000000010007c58       0x34 CMakeFiles/OLED.dir/pico-sdk/lib/tinyusb/src/tusb.c.obj
                0x0000000010007c58                tu_edpt_bind_driver
 .text.tu_fifo_config
                0x0000000010007c8c       0x70 CMakeFiles/OLED.dir/pico-sdk/lib/tinyusb/src/common/tusb_fifo.c.obj
                0x0000000010007c8c                tu_fifo_config
 .text.tu_fifo_count
                0x0000000010007cfc       0x2c CMakeFiles/OLED.dir/pico-sdk/lib/tinyusb/src/common/tusb_fifo.c.obj
                0x0000000010007cfc                tu_fifo_count
 .text.tu_fifo_empty
                0x0000000010007d28       0x10 CMakeFiles/OLED.dir/pico-sdk/lib/tinyusb/src/common/tusb_fifo.c.obj
                0x0000000010007d28                tu_fifo_empty
 .text.tu_fifo_remaining
                0x0000000010007d38       0x2c CMakeFiles/OLED.dir/pico-sdk/lib/tinyusb/src/common/tusb_fifo.c.obj
                0x0000000010007d38                tu_fifo_remaining
 .text.tu_fifo_read
                0x0000000010007d64       0xa0 CMakeFiles/OLED.dir/pico-sdk/lib/tinyusb/src/common/tusb_fifo.c.obj
                0x0000000010007d64                tu_fifo_read
 .text.tu_fifo_read_n
                0x0000000010007e04       0xec CMakeFiles/OLED.dir/pico-sdk/lib/tinyusb/src/common/tusb_fifo.c.obj
                0x0000000010007e04                tu_fifo_read_n
 .text.tu_fifo_write
                0x0000000010007ef0       0x88 CMakeFiles/OLED.dir/pico-sdk/lib/tinyusb/src/common/tusb_fifo.c.obj
                0x0000000010007ef0                tu_fifo_write
 .text.tu_fifo_write_n
                0x0000000010007f78      0x168 CMakeFiles/OLED.dir/pico-sdk/lib/tinyusb/src/common/tusb_fifo.c.obj
                0x0000000010007f78                tu_fifo_write_n
 .text.tu_fifo_clear
                0x00000000100080e0       0x40 CMakeFiles/OLED.dir/pico-sdk/lib/tinyusb/src/common/tusb_fifo.c.obj
                0x00000000100080e0                tu_fifo_clear
 .text.tu_fifo_set_overwritable
                0x0000000010008120       0x48 CMakeFiles/OLED.dir/pico-sdk/lib/tinyusb/src/common/tusb_fifo.c.obj
                0x0000000010008120                tu_fifo_set_overwritable
 .text.spi_init
                0x0000000010008168      0x138 CMakeFiles/OLED.dir/pico-sdk/src/rp2_common/hardware_spi/spi.c.obj
                0x0000000010008168                spi_init
 .text.dma_claim_unused_channel
                0x00000000100082a0       0x20 CMakeFiles/OLED.dir/pico-sdk/src/rp2_common/hardware_dma/dma.c.obj
                0x00000000100082a0                dma_claim_unused_channel
 .text.i2c_set_baudrate
                0x00000000100082c0       0xc4 CMakeFiles/OLED.dir/pico-sdk/src/rp2_common/hardware_i2c/i2c.c.obj
                0x00000000100082c0                i2c_set_baudrate
 .text.i2c_init
                0x0000000010008384       0x54 CMakeFiles/OLED.dir/pico-sdk/src/rp2_common/hardware_i2c/i2c.c.obj
                0x0000000010008384                i2c_init
 .text.i2c_write_blocking
                0x00000000100083d8       0xd0 CMakeFiles/OLED.dir/pico-sdk/src/rp2_common/hardware_i2c/i2c.c.obj
                0x00000000100083d8                i2c_write_blocking
 .text.i2c_read_blocking
                0x00000000100084a8       0xac CMakeFiles/OLED.dir/pico-sdk/src/rp2_common/hardware_i2c/i2c.c.obj
                0x00000000100084a8                i2c_read_blocking
 .text          0x0000000010008554       0x5c /usr/lib/gcc/arm-none-eabi/10.3.1/../../../arm-none-eabi/lib/thumb/v6-m/nofp/libc.a(lib_a-strlen-stub.o)
                0x0000000010008554                strlen
 *(.fini)
 .fini          0x00000000100085b0        0x4 /usr/lib/gcc/arm-none-eabi/10.3.1/thumb/v6-m/nofp/crti.o
                0x00000000100085b0                _fini
 *fill*         0x00000000100085b4        0x4 
 .fini.__stub   0x00000000100085b8       0xe0 linker stubs
 *crtbegin.o(.ctors)
 *crtbegin?.o(.ctors)
 *(EXCLUDE_FILE(*crtend.o *crtend?.o) .ctors)
 *(SORT_BY_NAME(.ctors.*))
 *(.ctors)
 *crtbegin.o(.dtors)
 *crtbegin?.o(.dtors)
 *(EXCLUDE_FILE(*crtend.o *crtend?.o) .dtors)
 *(SORT_BY_NAME(.dtors.*))
 *(.dtors)
 *(.eh_frame*)
 .eh_frame      0x0000000010008698        0x0 /usr/lib/gcc/arm-none-eabi/10.3.1/thumb/v6-m/nofp/crtbegin.o
                0x0000000010008698                . = ALIGN (0x4)

.glue_7         0x0000000010008698        0x0
 .glue_7        0x0000000010008698        0x0 linker stubs

.glue_7t        0x0000000010008698        0x0
 .glue_7t       0x0000000010008698        0x0 linker stubs

.vfp11_veneer   0x0000000010008698        0x0
 .vfp11_veneer  0x0000000010008698        0x0 linker stubs

.v4_bx          0x0000000010008698        0x0
 .v4_bx         0x0000000010008698        0x0 linker stubs

.iplt           0x0000000010008698        0x0
 .iplt          0x0000000010008698        0x0 /usr/lib/gcc/arm-none-eabi/10.3.1/thumb/v6-m/nofp/crtbegin.o

.rodata         0x0000000010008698     0x3c7c
 *(EXCLUDE_FILE(*libm.a: *libc.a:*lib_a-mem*.o *libgcc.a:) .rodata*)
 .rodata.getStatus.str1.4
                0x0000000010008698       0x23 CMakeFiles/OLED.dir/main.c.obj
 *fill*         0x00000000100086bb        0x1 
 .rodata.RFID_init.str1.4
                0x00000000100086bc       0x22 CMakeFiles/OLED.dir/main.c.obj
 *fill*         0x00000000100086de        0x2 
 .rodata.main.str1.4
                0x00000000100086e0       0x25 CMakeFiles/OLED.dir/main.c.obj
 *fill*         0x0000000010008705        0x3 
 .rodata.str1.4
                0x0000000010008708        0xd CMakeFiles/OLED.dir/main.c.obj
 *fill*         0x0000000010008715        0x3 
 .rodata.__bi_83.0
                0x0000000010008718        0xc CMakeFiles/OLED.dir/main.c.obj
 .rodata.ssd1351_refresh.str1.4
                0x0000000010008724        0x3 CMakeFiles/OLED.dir/ssd1351.c.obj
 *fill*         0x0000000010008727        0x1 
 .rodata.font_12x16
                0x0000000010008728     0x2000 CMakeFiles/OLED.dir/ssd1351.c.obj
                0x0000000010008728                font_12x16
 .rodata.font_16x16
                0x000000001000a728      0xbe0 CMakeFiles/OLED.dir/ssd1351.c.obj
                0x000000001000a728                font_16x16
 .rodata.font_8x8
                0x000000001000b308      0x400 CMakeFiles/OLED.dir/ssd1351.c.obj
                0x000000001000b308                font_8x8
 .rodata.font_topaz
                0x000000001000b708      0x600 CMakeFiles/OLED.dir/ssd1351.c.obj
                0x000000001000b708                font_topaz
 .rodata.writeCommand.str1.4
                0x000000001000bd08       0x68 CMakeFiles/OLED.dir/RFID.c.obj
 .rodata.getResponseLength.str1.4
                0x000000001000bd70       0x20 CMakeFiles/OLED.dir/RFID.c.obj
 .rodata.readResponse.str1.4
                0x000000001000bd90       0x3f CMakeFiles/OLED.dir/RFID.c.obj
 *fill*         0x000000001000bdcf        0x1 
 .rodata        0x000000001000bdd0        0xe CMakeFiles/OLED.dir/RFID.c.obj
 *fill*         0x000000001000bdde        0x2 
 .rodata.spin_lock_claim_unused.str1.4
                0x000000001000bde0       0x1b CMakeFiles/OLED.dir/pico-sdk/src/rp2_common/hardware_sync/sync.c.obj
 *fill*         0x000000001000bdfb        0x1 
 .rodata.user_irq_claim_unused.str1.4
                0x000000001000bdfc       0x1b CMakeFiles/OLED.dir/pico-sdk/src/rp2_common/hardware_irq/irq.c.obj
 *fill*         0x000000001000be17        0x1 
 .rodata.hardware_alarm_claim.str1.4
                0x000000001000be18       0x22 CMakeFiles/OLED.dir/pico-sdk/src/rp2_common/hardware_timer/timer.c.obj
 *fill*         0x000000001000be3a        0x2 
 .rodata.panic.str1.4
                0x000000001000be3c       0x10 CMakeFiles/OLED.dir/pico-sdk/src/rp2_common/pico_runtime/runtime.c.obj
                                         0x12 (size before relaxing)
 .rodata.hard_assertion_failure.str1.4
                0x000000001000be4c        0xc CMakeFiles/OLED.dir/pico-sdk/src/rp2_common/pico_runtime/runtime.c.obj
 .rodata._ftoa.str1.4
                0x000000001000be58       0x15 CMakeFiles/OLED.dir/pico-sdk/src/rp2_common/pico_printf/printf.c.obj
 *fill*         0x000000001000be6d        0x3 
 .rodata._vsnprintf
                0x000000001000be70      0x1e0 CMakeFiles/OLED.dir/pico-sdk/src/rp2_common/pico_printf/printf.c.obj
 .rodata.pow10.0
                0x000000001000c050       0x50 CMakeFiles/OLED.dir/pico-sdk/src/rp2_common/pico_printf/printf.c.obj
 .rodata.str1.4
                0x000000001000c0a0       0x3c CMakeFiles/OLED.dir/pico-sdk/src/rp2_common/pico_standard_link/binary_info.c.obj
 .rodata.__bi_44
                0x000000001000c0dc        0xc CMakeFiles/OLED.dir/pico-sdk/src/rp2_common/pico_standard_link/binary_info.c.obj
 .rodata.__bi_75
                0x000000001000c0e8        0xc CMakeFiles/OLED.dir/pico-sdk/src/rp2_common/pico_standard_link/binary_info.c.obj
 .rodata.__bi_81
                0x000000001000c0f4        0xc CMakeFiles/OLED.dir/pico-sdk/src/rp2_common/pico_standard_link/binary_info.c.obj
 .rodata.crlf_str.0
                0x000000001000c100        0x2 CMakeFiles/OLED.dir/pico-sdk/src/rp2_common/pico_stdio/stdio.c.obj
 *fill*         0x000000001000c102        0x2 
 .rodata._resetd_driver
                0x000000001000c104       0x18 CMakeFiles/OLED.dir/pico-sdk/src/rp2_common/pico_stdio_usb/reset_interface.c.obj
 .rodata.str1.4
                0x000000001000c11c       0x13 CMakeFiles/OLED.dir/pico-sdk/src/rp2_common/pico_stdio_usb/stdio_usb.c.obj
 *fill*         0x000000001000c12f        0x1 
 .rodata.__bi_182.0
                0x000000001000c130        0xc CMakeFiles/OLED.dir/pico-sdk/src/rp2_common/pico_stdio_usb/stdio_usb.c.obj
 .rodata.str1.4
                0x000000001000c13c       0x2a CMakeFiles/OLED.dir/pico-sdk/src/rp2_common/pico_stdio_usb/stdio_usb_descriptors.c.obj
 *fill*         0x000000001000c166        0x2 
 .rodata.usbd_desc_cfg
                0x000000001000c168       0x54 CMakeFiles/OLED.dir/pico-sdk/src/rp2_common/pico_stdio_usb/stdio_usb_descriptors.c.obj
 .rodata.usbd_desc_device
                0x000000001000c1bc       0x12 CMakeFiles/OLED.dir/pico-sdk/src/rp2_common/pico_stdio_usb/stdio_usb_descriptors.c.obj
 *fill*         0x000000001000c1ce        0x2 
 .rodata.usbd_desc_str
                0x000000001000c1d0       0x18 CMakeFiles/OLED.dir/pico-sdk/src/rp2_common/pico_stdio_usb/stdio_usb_descriptors.c.obj
 .rodata.str1.4
                0x000000001000c1e8       0x14 CMakeFiles/OLED.dir/pico-sdk/lib/tinyusb/src/portable/raspberrypi/rp2040/dcd_rp2040.c.obj
 .rodata.str1.4
                0x000000001000c1fc       0x53 CMakeFiles/OLED.dir/pico-sdk/lib/tinyusb/src/portable/raspberrypi/rp2040/rp2040_usb.c.obj
 *fill*         0x000000001000c24f        0x1 
 .rodata.tud_task_ext
                0x000000001000c250       0x8c CMakeFiles/OLED.dir/pico-sdk/lib/tinyusb/src/device/usbd.c.obj
 .rodata._usbd_driver
                0x000000001000c2dc       0x18 CMakeFiles/OLED.dir/pico-sdk/lib/tinyusb/src/device/usbd.c.obj
 .rodata.dma_claim_unused_channel.str1.4
                0x000000001000c2f4       0x1e CMakeFiles/OLED.dir/pico-sdk/src/rp2_common/hardware_dma/dma.c.obj
                0x000000001000c314                . = ALIGN (0x4)
 *fill*         0x000000001000c312        0x2 
 *(SORT_BY_ALIGNMENT(SORT_BY_NAME(.flashdata*)))
                0x000000001000c314                . = ALIGN (0x4)

.ARM.extab
 *(.ARM.extab* .gnu.linkonce.armextab.*)
                0x000000001000c314                __exidx_start = .

.ARM.exidx
 *(.ARM.exidx* .gnu.linkonce.armexidx.*)
                0x000000001000c314                __exidx_end = .
                0x000000001000c314                . = ALIGN (0x4)
                0x000000001000c314                __binary_info_start = .

.binary_info    0x000000001000c314       0x24
 *(.binary_info.keep.*)
 .binary_info.keep.__bi_ptr83
                0x000000001000c314        0x4 CMakeFiles/OLED.dir/main.c.obj
 .binary_info.keep.__bi_ptr22
                0x000000001000c318        0x4 CMakeFiles/OLED.dir/pico-sdk/src/rp2_common/pico_standard_link/binary_info.c.obj
 .binary_info.keep.__bi_ptr30
                0x000000001000c31c        0x4 CMakeFiles/OLED.dir/pico-sdk/src/rp2_common/pico_standard_link/binary_info.c.obj
 .binary_info.keep.__bi_ptr38
                0x000000001000c320        0x4 CMakeFiles/OLED.dir/pico-sdk/src/rp2_common/pico_standard_link/binary_info.c.obj
 .binary_info.keep.__bi_ptr44
                0x000000001000c324        0x4 CMakeFiles/OLED.dir/pico-sdk/src/rp2_common/pico_standard_link/binary_info.c.obj
 .binary_info.keep.__bi_ptr50
                0x000000001000c328        0x4 CMakeFiles/OLED.dir/pico-sdk/src/rp2_common/pico_standard_link/binary_info.c.obj
 .binary_info.keep.__bi_ptr75
                0x000000001000c32c        0x4 CMakeFiles/OLED.dir/pico-sdk/src/rp2_common/pico_standard_link/binary_info.c.obj
 .binary_info.keep.__bi_ptr81
                0x000000001000c330        0x4 CMakeFiles/OLED.dir/pico-sdk/src/rp2_common/pico_standard_link/binary_info.c.obj
 *(.binary_info.*)
 .binary_info.__bi_ptr182
                0x000000001000c334        0x4 CMakeFiles/OLED.dir/pico-sdk/src/rp2_common/pico_stdio_usb/stdio_usb.c.obj
                0x000000001000c338                __binary_info_end = .

.rel.dyn        0x000000001000c338        0x0
 .rel.iplt      0x000000001000c338        0x0 /usr/lib/gcc/arm-none-eabi/10.3.1/thumb/v6-m/nofp/crtbegin.o
                0x000000001000c338                . = ALIGN (0x4)

.ram_vector_table
                0x0000000020000000       0xc0
 *(.ram_vector_table)
 .ram_vector_table
                0x0000000020000000       0xc0 CMakeFiles/OLED.dir/pico-sdk/src/rp2_common/pico_runtime/runtime.c.obj
                0x0000000020000000                ram_vector_table

.data           0x00000000200000c0      0xea8 load address 0x000000001000c338
                0x00000000200000c0                __data_start__ = .
 *(vtable)
 *(.time_critical*)
 .time_critical.mutex_try_enter
                0x00000000200000c0       0x44 CMakeFiles/OLED.dir/pico-sdk/src/common/pico_sync/mutex.c.obj
                0x00000000200000c0                mutex_try_enter
 .time_critical.mutex_try_enter_block_until
                0x0000000020000104       0x9c CMakeFiles/OLED.dir/pico-sdk/src/common/pico_sync/mutex.c.obj
                0x0000000020000104                mutex_try_enter_block_until
 .time_critical.mutex_enter_timeout_ms
                0x00000000200001a0       0x90 CMakeFiles/OLED.dir/pico-sdk/src/common/pico_sync/mutex.c.obj
                0x00000000200001a0                mutex_enter_timeout_ms
 .time_critical.mutex_exit
                0x0000000020000230       0x28 CMakeFiles/OLED.dir/pico-sdk/src/common/pico_sync/mutex.c.obj
                0x0000000020000230                mutex_exit
 .time_critical.flash_init_boot2_copyout
                0x0000000020000258       0x30 CMakeFiles/OLED.dir/pico-sdk/src/rp2_common/hardware_flash/flash.c.obj
 .time_critical.flash_enable_xip_via_boot2
                0x0000000020000288       0x10 CMakeFiles/OLED.dir/pico-sdk/src/rp2_common/hardware_flash/flash.c.obj
 .time_critical.flash_cs_force
                0x0000000020000298       0x38 CMakeFiles/OLED.dir/pico-sdk/src/rp2_common/hardware_flash/flash.c.obj
 .time_critical.flash_do_cmd
                0x00000000200002d0       0xc4 CMakeFiles/OLED.dir/pico-sdk/src/rp2_common/hardware_flash/flash.c.obj
                0x00000000200002d0                flash_do_cmd
 .time_critical.reset_non_control_endpoints
                0x0000000020000394       0xbc CMakeFiles/OLED.dir/pico-sdk/lib/tinyusb/src/portable/raspberrypi/rp2040/dcd_rp2040.c.obj
 .time_critical.hw_handle_buff_status
                0x0000000020000450       0xa8 CMakeFiles/OLED.dir/pico-sdk/lib/tinyusb/src/portable/raspberrypi/rp2040/dcd_rp2040.c.obj
 .time_critical.dcd_rp2040_irq
                0x00000000200004f8      0x4d8 CMakeFiles/OLED.dir/pico-sdk/lib/tinyusb/src/portable/raspberrypi/rp2040/dcd_rp2040.c.obj
 .time_critical.e15_is_bulkin_ep
                0x00000000200009d0       0x28 CMakeFiles/OLED.dir/pico-sdk/lib/tinyusb/src/portable/raspberrypi/rp2040/rp2040_usb.c.obj
 .time_critical.e15_is_critical_frame_period
                0x00000000200009f8       0x34 CMakeFiles/OLED.dir/pico-sdk/lib/tinyusb/src/portable/raspberrypi/rp2040/rp2040_usb.c.obj
 .time_critical.prepare_ep_buffer
                0x0000000020000a2c       0x70 CMakeFiles/OLED.dir/pico-sdk/lib/tinyusb/src/portable/raspberrypi/rp2040/rp2040_usb.c.obj
 .time_critical.sync_ep_buffer
                0x0000000020000a9c       0x4c CMakeFiles/OLED.dir/pico-sdk/lib/tinyusb/src/portable/raspberrypi/rp2040/rp2040_usb.c.obj
 .time_critical._hw_endpoint_xfer_sync
                0x0000000020000ae8       0x28 CMakeFiles/OLED.dir/pico-sdk/lib/tinyusb/src/portable/raspberrypi/rp2040/rp2040_usb.c.obj
 .time_critical.hw_endpoint_reset_transfer
                0x0000000020000b10        0xc CMakeFiles/OLED.dir/pico-sdk/lib/tinyusb/src/portable/raspberrypi/rp2040/rp2040_usb.c.obj
                0x0000000020000b10                hw_endpoint_reset_transfer
 .time_critical._hw_endpoint_buffer_control_update32
                0x0000000020000b1c       0x58 CMakeFiles/OLED.dir/pico-sdk/lib/tinyusb/src/portable/raspberrypi/rp2040/rp2040_usb.c.obj
                0x0000000020000b1c                _hw_endpoint_buffer_control_update32
 .time_critical.hw_endpoint_start_next_buffer
                0x0000000020000b74       0x6c CMakeFiles/OLED.dir/pico-sdk/lib/tinyusb/src/portable/raspberrypi/rp2040/rp2040_usb.c.obj
                0x0000000020000b74                hw_endpoint_start_next_buffer
 .time_critical.hw_endpoint_xfer_continue
                0x0000000020000be0       0x50 CMakeFiles/OLED.dir/pico-sdk/lib/tinyusb/src/portable/raspberrypi/rp2040/rp2040_usb.c.obj
                0x0000000020000be0                hw_endpoint_xfer_continue
 .time_critical.tinyusb
                0x0000000020000c30      0x170 CMakeFiles/OLED.dir/pico-sdk/lib/tinyusb/src/device/usbd.c.obj
                0x0000000020000c30                dcd_event_handler
 .time_critical.spi_write_blocking
                0x0000000020000da0       0x4c CMakeFiles/OLED.dir/pico-sdk/src/rp2_common/hardware_spi/spi.c.obj
                0x0000000020000da0                spi_write_blocking
 *(.text*)
 .text          0x0000000020000dec        0x4 /usr/lib/gcc/arm-none-eabi/10.3.1/thumb/v6-m/nofp/libgcc.a(_dvmd_tls.o)
                0x0000000020000dec                __aeabi_ldiv0
                0x0000000020000dec                __aeabi_idiv0
 .text.__stub   0x0000000020000df0       0x70 linker stubs
                0x0000000020000e60                . = ALIGN (0x4)
 *(.rodata*)
                0x0000000020000e60                . = ALIGN (0x4)
 *(.data*)
 .data.current_buffer
                0x0000000020000e60        0x1 CMakeFiles/OLED.dir/ssd1351.c.obj
                0x0000000020000e60                current_buffer
 .data.striped_spin_lock_num
                0x0000000020000e61        0x1 CMakeFiles/OLED.dir/pico-sdk/src/rp2_common/hardware_sync/sync.c.obj
 *fill*         0x0000000020000e62        0x2 
 .data          0x0000000020000e64       0x48 CMakeFiles/OLED.dir/pico-sdk/src/rp2_common/hardware_irq/irq_handler_chain.S.obj
                0x0000000020000e64                irq_handler_chain_slots
                0x0000000020000e94                irq_handler_chain_first_slot
                0x0000000020000e9e                irq_handler_chain_remove_tail
 .data.default_alarm_pool
                0x0000000020000eac       0x18 CMakeFiles/OLED.dir/pico-sdk/src/common/pico_time/time.c.obj
 .data.default_alarm_pool_heap
                0x0000000020000ec4       0x10 CMakeFiles/OLED.dir/pico-sdk/src/common/pico_time/time.c.obj
 *fill*         0x0000000020000ed4        0xc 
 .data.aeabi_bits_funcs
                0x0000000020000ee0       0x10 CMakeFiles/OLED.dir/pico-sdk/src/rp2_common/pico_bit_ops/bit_ops_aeabi.S.obj
                0x0000000020000ee0                aeabi_bits_funcs
                0x0000000020000ef0                aeabi_bits_funcs_end
 .data.aeabi_mem_funcs
                0x0000000020000ef0       0x10 CMakeFiles/OLED.dir/pico-sdk/src/rp2_common/pico_mem_ops/mem_ops_aeabi.S.obj
                0x0000000020000ef0                aeabi_mem_funcs
                0x0000000020000f00                aeabi_mem_funcs_end
 .data.stdio_usb
                0x0000000020000f00       0x18 CMakeFiles/OLED.dir/pico-sdk/src/rp2_common/pico_stdio_usb/stdio_usb.c.obj
                0x0000000020000f00                stdio_usb
 .data.ep_dir_string
                0x0000000020000f18        0x8 CMakeFiles/OLED.dir/pico-sdk/lib/tinyusb/src/portable/raspberrypi/rp2040/rp2040_usb.c.obj
                0x0000000020000f18                ep_dir_string
 .data._usbd_qdef
                0x0000000020000f20       0x1c CMakeFiles/OLED.dir/pico-sdk/lib/tinyusb/src/device/usbd.c.obj
                0x0000000020000f20                _usbd_qdef
 .data._usbd_rhport
                0x0000000020000f3c        0x1 CMakeFiles/OLED.dir/pico-sdk/lib/tinyusb/src/device/usbd.c.obj
 *fill*         0x0000000020000f3d        0x3 
 .data.i2c0_inst
                0x0000000020000f40        0x8 CMakeFiles/OLED.dir/pico-sdk/src/rp2_common/hardware_i2c/i2c.c.obj
                0x0000000020000f40                i2c0_inst
                0x0000000020000f48                . = ALIGN (0x4)
 *(.after_data.*)
                0x0000000020000f48                . = ALIGN (0x4)
                0x0000000020000f48                PROVIDE (__mutex_array_start = .)
 *(SORT_BY_NAME(.mutex_array.*))
 *(.mutex_array)
 .mutex_array   0x0000000020000f48        0x8 CMakeFiles/OLED.dir/pico-sdk/src/rp2_common/pico_stdio/stdio.c.obj
                0x0000000020000f50                PROVIDE (__mutex_array_end = .)
                0x0000000020000f50                . = ALIGN (0x4)
                0x0000000020000f50                PROVIDE (__preinit_array_start = .)
 *(SORT_BY_NAME(.preinit_array.*))
 .preinit_array.00001
                0x0000000020000f50        0x4 CMakeFiles/OLED.dir/pico-sdk/src/rp2_common/pico_mem_ops/mem_ops_aeabi.S.obj
 .preinit_array.00010
                0x0000000020000f54        0x4 CMakeFiles/OLED.dir/pico-sdk/src/rp2_common/pico_bit_ops/bit_ops_aeabi.S.obj
 .preinit_array.00020
                0x0000000020000f58        0x4 CMakeFiles/OLED.dir/pico-sdk/src/rp2_common/pico_double/double_aeabi.S.obj
 .preinit_array.00020
                0x0000000020000f5c        0x4 CMakeFiles/OLED.dir/pico-sdk/src/rp2_common/pico_float/float_aeabi.S.obj
 *(.preinit_array)
                0x0000000020000f60                PROVIDE (__preinit_array_end = .)
                0x0000000020000f60                . = ALIGN (0x4)
                0x0000000020000f60                PROVIDE (__init_array_start = .)
 *(SORT_BY_NAME(.init_array.*))
 *(.init_array)
 .init_array    0x0000000020000f60        0x4 /usr/lib/gcc/arm-none-eabi/10.3.1/thumb/v6-m/nofp/crtbegin.o
 .init_array    0x0000000020000f64        0x4 CMakeFiles/OLED.dir/pico-sdk/src/rp2_common/pico_unique_id/unique_id.c.obj
                0x0000000020000f68                PROVIDE (__init_array_end = .)
                0x0000000020000f68                . = ALIGN (0x4)
                0x0000000020000f68                PROVIDE (__fini_array_start = .)
 *(SORT_BY_NAME(.fini_array.*))
 *(.fini_array)
                0x0000000020000f68                PROVIDE (__fini_array_end = .)
 *(.jcr)
                0x0000000020000f68                . = ALIGN (0x4)
                0x0000000020000f68                __data_end__ = .
                0x000000001000c338                __etext = LOADADDR (.data)

.tm_clone_table
                0x0000000020000f68        0x0 load address 0x000000001000d1e0
 .tm_clone_table
                0x0000000020000f68        0x0 /usr/lib/gcc/arm-none-eabi/10.3.1/thumb/v6-m/nofp/crtbegin.o
 .tm_clone_table
                0x0000000020000f68        0x0 /usr/lib/gcc/arm-none-eabi/10.3.1/thumb/v6-m/nofp/crtend.o

.igot.plt       0x0000000020000f68        0x0 load address 0x000000001000d1e0
 .igot.plt      0x0000000020000f68        0x0 /usr/lib/gcc/arm-none-eabi/10.3.1/thumb/v6-m/nofp/crtbegin.o

.uninitialized_data
                0x0000000020000f68        0x0 load address 0x000000001000d1e0
                0x0000000020000f68                . = ALIGN (0x4)
 *(.uninitialized_data*)

.scratch_x      0x0000000020040000        0x0 load address 0x000000001000d1e0
                0x0000000020040000                __scratch_x_start__ = .
 *(.scratch_x.*)
                0x0000000020040000                . = ALIGN (0x4)
                0x0000000020040000                __scratch_x_end__ = .
                0x000000001000d1e0                __scratch_x_source__ = LOADADDR (.scratch_x)

.scratch_y      0x0000000020041000        0x0 load address 0x000000001000d1e0
                0x0000000020041000                __scratch_y_start__ = .
 *(.scratch_y.*)
                0x0000000020041000                . = ALIGN (0x4)
                0x0000000020041000                __scratch_y_end__ = .
                0x000000001000d1e0                __scratch_y_source__ = LOADADDR (.scratch_y)

.bss            0x0000000020000f68    0x18df0
                0x0000000020000f68                . = ALIGN (0x4)
                0x0000000020000f68                __bss_start__ = .
 *(SORT_BY_ALIGNMENT(SORT_BY_NAME(.bss*)))
 .bss.default_alarm_pool_entries
                0x0000000020000f68      0x100 CMakeFiles/OLED.dir/pico-sdk/src/common/pico_time/time.c.obj
 .bss.last_avail_time.1
                0x0000000020001068        0x8 CMakeFiles/OLED.dir/pico-sdk/src/rp2_common/pico_stdio_usb/stdio_usb.c.obj
 .bss.sd_table  0x0000000020001070      0x100 CMakeFiles/OLED.dir/pico-sdk/src/rp2_common/pico_double/double_init_rom.c.obj
                0x0000000020001070                sd_table
 .bss.sf_table  0x0000000020001170      0x100 CMakeFiles/OLED.dir/pico-sdk/src/rp2_common/pico_float/float_init_rom.c.obj
                0x0000000020001170                sf_table
 .bss.timer     0x0000000020001270       0x18 CMakeFiles/OLED.dir/ssd1351.c.obj
                0x0000000020001270                timer
 .bss           0x0000000020001288       0x1c /usr/lib/gcc/arm-none-eabi/10.3.1/thumb/v6-m/nofp/crtbegin.o
 .bss._app_driver
                0x00000000200012a4        0x4 CMakeFiles/OLED.dir/pico-sdk/lib/tinyusb/src/device/usbd.c.obj
 .bss._cdcd_itf
                0x00000000200012a8      0x2c8 CMakeFiles/OLED.dir/pico-sdk/lib/tinyusb/src/class/cdc/cdc_device.c.obj
 .bss._ctrl_xfer
                0x0000000020001570       0x14 CMakeFiles/OLED.dir/pico-sdk/lib/tinyusb/src/device/usbd_control.c.obj
 .bss._ubsd_mutexdef
                0x0000000020001584        0x8 CMakeFiles/OLED.dir/pico-sdk/lib/tinyusb/src/device/usbd.c.obj
 .bss._usbd_ctrl_buf
                0x000000002000158c       0x40 CMakeFiles/OLED.dir/pico-sdk/lib/tinyusb/src/device/usbd_control.c.obj
 .bss._usbd_dev
                0x00000000200015cc       0x53 CMakeFiles/OLED.dir/pico-sdk/lib/tinyusb/src/device/usbd.c.obj
 *fill*         0x000000002000161f        0x1 
 .bss._usbd_mutex
                0x0000000020001620        0x4 CMakeFiles/OLED.dir/pico-sdk/lib/tinyusb/src/device/usbd.c.obj
 .bss._usbd_q   0x0000000020001624        0x4 CMakeFiles/OLED.dir/pico-sdk/lib/tinyusb/src/device/usbd.c.obj
 .bss._usbd_qdef_buf
                0x0000000020001628       0xc0 CMakeFiles/OLED.dir/pico-sdk/lib/tinyusb/src/device/usbd.c.obj
                0x0000000020001628                _usbd_qdef_buf
 .bss.alarm_callbacks
                0x00000000200016e8       0x10 CMakeFiles/OLED.dir/pico-sdk/src/rp2_common/hardware_timer/timer.c.obj
 .bss.boot2_copyout
                0x00000000200016f8      0x100 CMakeFiles/OLED.dir/pico-sdk/src/rp2_common/hardware_flash/flash.c.obj
 .bss.chars_available_callback
                0x00000000200017f8        0x4 CMakeFiles/OLED.dir/pico-sdk/src/rp2_common/pico_stdio_usb/stdio_usb.c.obj
 .bss.chars_available_param
                0x00000000200017fc        0x4 CMakeFiles/OLED.dir/pico-sdk/src/rp2_common/pico_stdio_usb/stdio_usb.c.obj
 .bss.claimed   0x0000000020001800        0x4 CMakeFiles/OLED.dir/pico-sdk/src/rp2_common/hardware_sync/sync.c.obj
 .bss.configured_freq
                0x0000000020001804       0x28 CMakeFiles/OLED.dir/pico-sdk/src/rp2_common/hardware_clocks/clocks.c.obj
 .bss.default_alarm_pool_entry_ids_high
                0x000000002000182c       0x10 CMakeFiles/OLED.dir/pico-sdk/src/common/pico_time/time.c.obj
 .bss.default_alarm_pool_heap_nodes
                0x000000002000183c       0x30 CMakeFiles/OLED.dir/pico-sdk/src/common/pico_time/time.c.obj
 .bss.desc_str.0
                0x000000002000186c       0x28 CMakeFiles/OLED.dir/pico-sdk/src/rp2_common/pico_stdio_usb/stdio_usb_descriptors.c.obj
 .bss.dma_tx    0x0000000020001894        0x4 CMakeFiles/OLED.dir/ssd1351.c.obj
 .bss.drivers   0x0000000020001898        0x4 CMakeFiles/OLED.dir/pico-sdk/src/rp2_common/pico_stdio/stdio.c.obj
 .bss.e15_last_sof
                0x000000002000189c        0x4 CMakeFiles/OLED.dir/pico-sdk/lib/tinyusb/src/portable/raspberrypi/rp2040/rp2040_usb.c.obj
                0x000000002000189c                e15_last_sof
 .bss.filter    0x00000000200018a0        0x4 CMakeFiles/OLED.dir/pico-sdk/src/rp2_common/pico_stdio/stdio.c.obj
 .bss.hw_endpoints
                0x00000000200018a4      0x400 CMakeFiles/OLED.dir/pico-sdk/lib/tinyusb/src/portable/raspberrypi/rp2040/dcd_rp2040.c.obj
 .bss.lazy_vsnprintf
                0x0000000020001ca4        0x4 CMakeFiles/OLED.dir/pico-sdk/src/rp2_common/pico_printf/printf.c.obj
 .bss.load_value
                0x0000000020001ca8        0x4 CMakeFiles/OLED.dir/pico-sdk/src/rp2_common/hardware_watchdog/watchdog.c.obj
 .bss.next_buffer_ptr
                0x0000000020001cac        0x4 CMakeFiles/OLED.dir/pico-sdk/lib/tinyusb/src/portable/raspberrypi/rp2040/dcd_rp2040.c.obj
 .bss.oled_dma_1
                0x0000000020001cb0     0x8000 CMakeFiles/OLED.dir/ssd1351.c.obj
                0x0000000020001cb0                oled_dma_1
 .bss.oled_dma_2
                0x0000000020009cb0     0x8000 CMakeFiles/OLED.dir/ssd1351.c.obj
                0x0000000020009cb0                oled_dma_2
 .bss.one_shot_timer_crit_sec
                0x0000000020011cb0        0x8 CMakeFiles/OLED.dir/pico-sdk/src/rp2_common/pico_stdio_usb/stdio_usb.c.obj
 .bss.pn532_packetbuffer
                0x0000000020011cb8       0x40 CMakeFiles/OLED.dir/main.c.obj
                0x0000000020011cb8                pn532_packetbuffer
 .bss.pools     0x0000000020011cf8       0x10 CMakeFiles/OLED.dir/pico-sdk/src/common/pico_time/time.c.obj
 .bss.retrieved_id
                0x0000000020011d08        0x8 CMakeFiles/OLED.dir/pico-sdk/src/rp2_common/pico_unique_id/unique_id.c.obj
 .bss.scroll_buffer
                0x0000000020011d10     0x8000 CMakeFiles/OLED.dir/ssd1351.c.obj
                0x0000000020011d10                scroll_buffer
 .bss.sf_clz_func
                0x0000000020019d10        0x4 CMakeFiles/OLED.dir/pico-sdk/src/rp2_common/pico_double/double_init_rom.c.obj
                0x0000000020019d10                sf_clz_func
 .bss.sleep_notifier
                0x0000000020019d14        0x4 CMakeFiles/OLED.dir/pico-sdk/src/common/pico_time/time.c.obj
 .bss.stdio_usb_mutex
                0x0000000020019d18        0x8 CMakeFiles/OLED.dir/pico-sdk/src/rp2_common/pico_stdio_usb/stdio_usb.c.obj
 .bss.target_hi
                0x0000000020019d20       0x10 CMakeFiles/OLED.dir/pico-sdk/src/rp2_common/hardware_timer/timer.c.obj
 .bss.usbd_serial_str
                0x0000000020019d30       0x11 CMakeFiles/OLED.dir/pico-sdk/src/rp2_common/pico_stdio_usb/stdio_usb_descriptors.c.obj
 *fill*         0x0000000020019d41        0x1 
 .bss._claimed  0x0000000020019d42        0x2 CMakeFiles/OLED.dir/pico-sdk/src/rp2_common/hardware_dma/dma.c.obj
 .bss.fps       0x0000000020019d44        0x2 CMakeFiles/OLED.dir/ssd1351.c.obj
                0x0000000020019d44                fps
 .bss.last_fps  0x0000000020019d46        0x2 CMakeFiles/OLED.dir/ssd1351.c.obj
                0x0000000020019d46                last_fps
 .bss._app_driver_count
                0x0000000020019d48        0x1 CMakeFiles/OLED.dir/pico-sdk/lib/tinyusb/src/device/usbd.c.obj
 .bss._sof_enable
                0x0000000020019d49        0x1 CMakeFiles/OLED.dir/pico-sdk/lib/tinyusb/src/portable/raspberrypi/rp2040/dcd_rp2040.c.obj
 .bss.boot2_copyout_valid
                0x0000000020019d4a        0x1 CMakeFiles/OLED.dir/pico-sdk/src/rp2_common/hardware_flash/flash.c.obj
 .bss.claimed   0x0000000020019d4b        0x1 CMakeFiles/OLED.dir/pico-sdk/src/rp2_common/hardware_timer/timer.c.obj
 .bss.command   0x0000000020019d4c        0x1 CMakeFiles/OLED.dir/RFID.c.obj
                0x0000000020019d4c                command
 .bss.irq_hander_chain_free_slot_head
                0x0000000020019d4d        0x1 CMakeFiles/OLED.dir/pico-sdk/src/rp2_common/hardware_irq/irq.c.obj
 .bss.itf_num   0x0000000020019d4e        0x1 CMakeFiles/OLED.dir/pico-sdk/src/rp2_common/pico_stdio_usb/reset_interface.c.obj
 .bss.low_priority_irq_num
                0x0000000020019d4f        0x1 CMakeFiles/OLED.dir/pico-sdk/src/rp2_common/pico_stdio_usb/stdio_usb.c.obj
 .bss.one_shot_timer_pending
                0x0000000020019d50        0x1 CMakeFiles/OLED.dir/pico-sdk/src/rp2_common/pico_stdio_usb/stdio_usb.c.obj
 .bss.pos_x     0x0000000020019d51        0x1 CMakeFiles/OLED.dir/ssd1351.c.obj
                0x0000000020019d51                pos_x
 .bss.pos_y     0x0000000020019d52        0x1 CMakeFiles/OLED.dir/ssd1351.c.obj
                0x0000000020019d52                pos_y
 .bss.show_fps  0x0000000020019d53        0x1 CMakeFiles/OLED.dir/ssd1351.c.obj
                0x0000000020019d53                show_fps
 .bss.timer_callbacks_pending
                0x0000000020019d54        0x1 CMakeFiles/OLED.dir/pico-sdk/src/rp2_common/hardware_timer/timer.c.obj
 .bss.user_irq_claimed
                0x0000000020019d55        0x1 CMakeFiles/OLED.dir/pico-sdk/src/rp2_common/hardware_irq/irq.c.obj
 *(COMMON)
                0x0000000020019d58                . = ALIGN (0x4)
 *fill*         0x0000000020019d56        0x2 
                0x0000000020019d58                __bss_end__ = .

.heap           0x0000000020019d58      0x800
                0x0000000020019d58                __end__ = .
                0x0000000020019d58                end = __end__
 *(.heap*)
 .heap          0x0000000020019d58      0x800 CMakeFiles/OLED.dir/pico-sdk/src/rp2_common/pico_standard_link/crt0.S.obj
                0x000000002001a558                __HeapLimit = .

.stack1_dummy   0x0000000020040000        0x0
 *(.stack1*)

.stack_dummy    0x0000000020041000      0x800
 *(.stack*)
 .stack         0x0000000020041000      0x800 CMakeFiles/OLED.dir/pico-sdk/src/rp2_common/pico_standard_link/crt0.S.obj

.flash_end      0x000000001000d1e0        0x0
                0x000000001000d1e0                PROVIDE (__flash_binary_end = .)
                0x0000000020040000                __StackLimit = (ORIGIN (RAM) + LENGTH (RAM))
                0x0000000020041000                __StackOneTop = (ORIGIN (SCRATCH_X) + LENGTH (SCRATCH_X))
                0x0000000020042000                __StackTop = (ORIGIN (SCRATCH_Y) + LENGTH (SCRATCH_Y))
                0x0000000020041000                __StackOneBottom = (__StackOneTop - SIZEOF (.stack1_dummy))
                0x0000000020041800                __StackBottom = (__StackTop - SIZEOF (.stack_dummy))
                0x0000000020042000                PROVIDE (__stack = __StackTop)
                0x0000000000000001                ASSERT ((__StackLimit >= __HeapLimit), region RAM overflowed)
                0x0000000000000001                ASSERT (((__binary_info_header_end - __logical_binary_start) <= 0x100), Binary info must be in first 256 bytes of the binary)
LOAD CMakeFiles/OLED.dir/main.c.obj
LOAD CMakeFiles/OLED.dir/ssd1351.c.obj
LOAD CMakeFiles/OLED.dir/RFID.c.obj
LOAD CMakeFiles/OLED.dir/pico-sdk/src/rp2_common/pico_stdlib/stdlib.c.obj
LOAD CMakeFiles/OLED.dir/pico-sdk/src/rp2_common/hardware_gpio/gpio.c.obj
LOAD CMakeFiles/OLED.dir/pico-sdk/src/rp2_common/pico_platform/platform.c.obj
LOAD CMakeFiles/OLED.dir/pico-sdk/src/rp2_common/hardware_claim/claim.c.obj
LOAD CMakeFiles/OLED.dir/pico-sdk/src/rp2_common/hardware_sync/sync.c.obj
LOAD CMakeFiles/OLED.dir/pico-sdk/src/rp2_common/hardware_irq/irq.c.obj
LOAD CMakeFiles/OLED.dir/pico-sdk/src/rp2_common/hardware_irq/irq_handler_chain.S.obj
LOAD CMakeFiles/OLED.dir/pico-sdk/src/common/pico_sync/sem.c.obj
LOAD CMakeFiles/OLED.dir/pico-sdk/src/common/pico_sync/lock_core.c.obj
LOAD CMakeFiles/OLED.dir/pico-sdk/src/common/pico_sync/mutex.c.obj
LOAD CMakeFiles/OLED.dir/pico-sdk/src/common/pico_sync/critical_section.c.obj
LOAD CMakeFiles/OLED.dir/pico-sdk/src/common/pico_time/time.c.obj
LOAD CMakeFiles/OLED.dir/pico-sdk/src/common/pico_time/timeout_helper.c.obj
LOAD CMakeFiles/OLED.dir/pico-sdk/src/rp2_common/hardware_timer/timer.c.obj
LOAD CMakeFiles/OLED.dir/pico-sdk/src/common/pico_util/datetime.c.obj
LOAD CMakeFiles/OLED.dir/pico-sdk/src/common/pico_util/pheap.c.obj
LOAD CMakeFiles/OLED.dir/pico-sdk/src/common/pico_util/queue.c.obj
LOAD CMakeFiles/OLED.dir/pico-sdk/src/rp2_common/hardware_uart/uart.c.obj
LOAD CMakeFiles/OLED.dir/pico-sdk/src/rp2_common/hardware_clocks/clocks.c.obj
LOAD CMakeFiles/OLED.dir/pico-sdk/src/rp2_common/hardware_pll/pll.c.obj
LOAD CMakeFiles/OLED.dir/pico-sdk/src/rp2_common/hardware_vreg/vreg.c.obj
LOAD CMakeFiles/OLED.dir/pico-sdk/src/rp2_common/hardware_watchdog/watchdog.c.obj
LOAD CMakeFiles/OLED.dir/pico-sdk/src/rp2_common/hardware_xosc/xosc.c.obj
LOAD CMakeFiles/OLED.dir/pico-sdk/src/rp2_common/hardware_divider/divider.S.obj
LOAD CMakeFiles/OLED.dir/pico-sdk/src/rp2_common/pico_runtime/runtime.c.obj
LOAD CMakeFiles/OLED.dir/pico-sdk/src/rp2_common/pico_printf/printf.c.obj
LOAD CMakeFiles/OLED.dir/pico-sdk/src/rp2_common/pico_bit_ops/bit_ops_aeabi.S.obj
LOAD CMakeFiles/OLED.dir/pico-sdk/src/rp2_common/pico_bootrom/bootrom.c.obj
LOAD CMakeFiles/OLED.dir/pico-sdk/src/rp2_common/pico_divider/divider.S.obj
LOAD CMakeFiles/OLED.dir/pico-sdk/src/rp2_common/pico_double/double_aeabi.S.obj
LOAD CMakeFiles/OLED.dir/pico-sdk/src/rp2_common/pico_double/double_init_rom.c.obj
LOAD CMakeFiles/OLED.dir/pico-sdk/src/rp2_common/pico_double/double_math.c.obj
LOAD CMakeFiles/OLED.dir/pico-sdk/src/rp2_common/pico_double/double_v1_rom_shim.S.obj
LOAD CMakeFiles/OLED.dir/pico-sdk/src/rp2_common/pico_int64_ops/pico_int64_ops_aeabi.S.obj
LOAD CMakeFiles/OLED.dir/pico-sdk/src/rp2_common/pico_float/float_aeabi.S.obj
LOAD CMakeFiles/OLED.dir/pico-sdk/src/rp2_common/pico_float/float_init_rom.c.obj
LOAD CMakeFiles/OLED.dir/pico-sdk/src/rp2_common/pico_float/float_math.c.obj
LOAD CMakeFiles/OLED.dir/pico-sdk/src/rp2_common/pico_float/float_v1_rom_shim.S.obj
LOAD CMakeFiles/OLED.dir/pico-sdk/src/rp2_common/pico_malloc/pico_malloc.c.obj
LOAD CMakeFiles/OLED.dir/pico-sdk/src/rp2_common/pico_mem_ops/mem_ops_aeabi.S.obj
LOAD CMakeFiles/OLED.dir/pico-sdk/src/rp2_common/pico_standard_link/crt0.S.obj
LOAD CMakeFiles/OLED.dir/pico-sdk/src/rp2_common/pico_standard_link/new_delete.cpp.obj
LOAD CMakeFiles/OLED.dir/pico-sdk/src/rp2_common/pico_standard_link/binary_info.c.obj
LOAD CMakeFiles/OLED.dir/pico-sdk/src/rp2_common/pico_stdio/stdio.c.obj
LOAD CMakeFiles/OLED.dir/pico-sdk/src/rp2_common/pico_stdio_usb/reset_interface.c.obj
LOAD CMakeFiles/OLED.dir/pico-sdk/src/rp2_common/pico_stdio_usb/stdio_usb.c.obj
LOAD CMakeFiles/OLED.dir/pico-sdk/src/rp2_common/pico_stdio_usb/stdio_usb_descriptors.c.obj
LOAD CMakeFiles/OLED.dir/pico-sdk/src/rp2_common/pico_unique_id/unique_id.c.obj
LOAD CMakeFiles/OLED.dir/pico-sdk/src/rp2_common/hardware_flash/flash.c.obj
LOAD CMakeFiles/OLED.dir/pico-sdk/lib/tinyusb/src/portable/raspberrypi/rp2040/dcd_rp2040.c.obj
LOAD CMakeFiles/OLED.dir/pico-sdk/lib/tinyusb/src/portable/raspberrypi/rp2040/rp2040_usb.c.obj
LOAD CMakeFiles/OLED.dir/pico-sdk/lib/tinyusb/src/device/usbd.c.obj
LOAD CMakeFiles/OLED.dir/pico-sdk/lib/tinyusb/src/device/usbd_control.c.obj
LOAD CMakeFiles/OLED.dir/pico-sdk/lib/tinyusb/src/class/audio/audio_device.c.obj
LOAD CMakeFiles/OLED.dir/pico-sdk/lib/tinyusb/src/class/cdc/cdc_device.c.obj
LOAD CMakeFiles/OLED.dir/pico-sdk/lib/tinyusb/src/class/dfu/dfu_device.c.obj
LOAD CMakeFiles/OLED.dir/pico-sdk/lib/tinyusb/src/class/dfu/dfu_rt_device.c.obj
LOAD CMakeFiles/OLED.dir/pico-sdk/lib/tinyusb/src/class/hid/hid_device.c.obj
LOAD CMakeFiles/OLED.dir/pico-sdk/lib/tinyusb/src/class/midi/midi_device.c.obj
LOAD CMakeFiles/OLED.dir/pico-sdk/lib/tinyusb/src/class/msc/msc_device.c.obj
LOAD CMakeFiles/OLED.dir/pico-sdk/lib/tinyusb/src/class/net/ecm_rndis_device.c.obj
LOAD CMakeFiles/OLED.dir/pico-sdk/lib/tinyusb/src/class/net/ncm_device.c.obj
LOAD CMakeFiles/OLED.dir/pico-sdk/lib/tinyusb/src/class/usbtmc/usbtmc_device.c.obj
LOAD CMakeFiles/OLED.dir/pico-sdk/lib/tinyusb/src/class/vendor/vendor_device.c.obj
LOAD CMakeFiles/OLED.dir/pico-sdk/lib/tinyusb/src/class/video/video_device.c.obj
LOAD CMakeFiles/OLED.dir/pico-sdk/lib/tinyusb/src/tusb.c.obj
LOAD CMakeFiles/OLED.dir/pico-sdk/lib/tinyusb/src/common/tusb_fifo.c.obj
LOAD CMakeFiles/OLED.dir/pico-sdk/src/rp2_common/pico_fix/rp2040_usb_device_enumeration/rp2040_usb_device_enumeration.c.obj
LOAD CMakeFiles/OLED.dir/pico-sdk/src/rp2_common/hardware_spi/spi.c.obj
LOAD CMakeFiles/OLED.dir/pico-sdk/src/rp2_common/hardware_dma/dma.c.obj
LOAD CMakeFiles/OLED.dir/pico-sdk/src/rp2_common/hardware_i2c/i2c.c.obj
LOAD /tmp/ccS9O3Rm.o
LOAD /usr/lib/gcc/arm-none-eabi/10.3.1/../../../arm-none-eabi/lib/thumb/v6-m/nofp/libstdc++.a
LOAD /usr/lib/gcc/arm-none-eabi/10.3.1/../../../arm-none-eabi/lib/thumb/v6-m/nofp/libm.a
START GROUP
LOAD /usr/lib/gcc/arm-none-eabi/10.3.1/thumb/v6-m/nofp/libgcc.a
LOAD /usr/lib/gcc/arm-none-eabi/10.3.1/../../../arm-none-eabi/lib/thumb/v6-m/nofp/libc.a
END GROUP
START GROUP
LOAD /usr/lib/gcc/arm-none-eabi/10.3.1/thumb/v6-m/nofp/libgcc.a
LOAD /usr/lib/gcc/arm-none-eabi/10.3.1/../../../arm-none-eabi/lib/thumb/v6-m/nofp/libc.a
LOAD /usr/lib/gcc/arm-none-eabi/10.3.1/../../../arm-none-eabi/lib/thumb/v6-m/nofp/libnosys.a
END GROUP
LOAD /usr/lib/gcc/arm-none-eabi/10.3.1/thumb/v6-m/nofp/crtend.o
LOAD /usr/lib/gcc/arm-none-eabi/10.3.1/thumb/v6-m/nofp/crtn.o
OUTPUT(OLED.elf elf32-littlearm)
LOAD linker stubs

.ARM.attributes
                0x0000000000000000       0x28
 .ARM.attributes
                0x0000000000000000       0x1e /usr/lib/gcc/arm-none-eabi/10.3.1/thumb/v6-m/nofp/crti.o
 .ARM.attributes
                0x000000000000001e       0x2c /usr/lib/gcc/arm-none-eabi/10.3.1/thumb/v6-m/nofp/crtbegin.o
 .ARM.attributes
                0x000000000000004a       0x2c CMakeFiles/OLED.dir/main.c.obj
 .ARM.attributes
                0x0000000000000076       0x2c CMakeFiles/OLED.dir/ssd1351.c.obj
 .ARM.attributes
                0x00000000000000a2       0x2c CMakeFiles/OLED.dir/RFID.c.obj
 .ARM.attributes
                0x00000000000000ce       0x2c CMakeFiles/OLED.dir/pico-sdk/src/rp2_common/hardware_gpio/gpio.c.obj
 .ARM.attributes
                0x00000000000000fa       0x2c CMakeFiles/OLED.dir/pico-sdk/src/rp2_common/pico_platform/platform.c.obj
 .ARM.attributes
                0x0000000000000126       0x2c CMakeFiles/OLED.dir/pico-sdk/src/rp2_common/hardware_claim/claim.c.obj
 .ARM.attributes
                0x0000000000000152       0x2c CMakeFiles/OLED.dir/pico-sdk/src/rp2_common/hardware_sync/sync.c.obj
 .ARM.attributes
                0x000000000000017e       0x2c CMakeFiles/OLED.dir/pico-sdk/src/rp2_common/hardware_irq/irq.c.obj
 .ARM.attributes
                0x00000000000001aa       0x22 CMakeFiles/OLED.dir/pico-sdk/src/rp2_common/hardware_irq/irq_handler_chain.S.obj
 .ARM.attributes
                0x00000000000001cc       0x2c CMakeFiles/OLED.dir/pico-sdk/src/common/pico_sync/lock_core.c.obj
 .ARM.attributes
                0x00000000000001f8       0x2c CMakeFiles/OLED.dir/pico-sdk/src/common/pico_sync/mutex.c.obj
 .ARM.attributes
                0x0000000000000224       0x2c CMakeFiles/OLED.dir/pico-sdk/src/common/pico_sync/critical_section.c.obj
 .ARM.attributes
                0x0000000000000250       0x2c CMakeFiles/OLED.dir/pico-sdk/src/common/pico_time/time.c.obj
 .ARM.attributes
                0x000000000000027c       0x2c CMakeFiles/OLED.dir/pico-sdk/src/rp2_common/hardware_timer/timer.c.obj
 .ARM.attributes
                0x00000000000002a8       0x2c CMakeFiles/OLED.dir/pico-sdk/src/common/pico_util/pheap.c.obj
 .ARM.attributes
                0x00000000000002d4       0x2c CMakeFiles/OLED.dir/pico-sdk/src/rp2_common/hardware_clocks/clocks.c.obj
 .ARM.attributes
                0x0000000000000300       0x2c CMakeFiles/OLED.dir/pico-sdk/src/rp2_common/hardware_pll/pll.c.obj
 .ARM.attributes
                0x000000000000032c       0x2c CMakeFiles/OLED.dir/pico-sdk/src/rp2_common/hardware_watchdog/watchdog.c.obj
 .ARM.attributes
                0x0000000000000358       0x2c CMakeFiles/OLED.dir/pico-sdk/src/rp2_common/hardware_xosc/xosc.c.obj
 .ARM.attributes
                0x0000000000000384       0x2c CMakeFiles/OLED.dir/pico-sdk/src/rp2_common/pico_runtime/runtime.c.obj
 .ARM.attributes
                0x00000000000003b0       0x2c CMakeFiles/OLED.dir/pico-sdk/src/rp2_common/pico_printf/printf.c.obj
 .ARM.attributes
                0x00000000000003dc       0x22 CMakeFiles/OLED.dir/pico-sdk/src/rp2_common/pico_bit_ops/bit_ops_aeabi.S.obj
 .ARM.attributes
                0x00000000000003fe       0x2c CMakeFiles/OLED.dir/pico-sdk/src/rp2_common/pico_bootrom/bootrom.c.obj
 .ARM.attributes
                0x000000000000042a       0x22 CMakeFiles/OLED.dir/pico-sdk/src/rp2_common/pico_divider/divider.S.obj
 .ARM.attributes
                0x000000000000044c       0x22 CMakeFiles/OLED.dir/pico-sdk/src/rp2_common/pico_double/double_aeabi.S.obj
 .ARM.attributes
                0x000000000000046e       0x2c CMakeFiles/OLED.dir/pico-sdk/src/rp2_common/pico_double/double_init_rom.c.obj
 .ARM.attributes
                0x000000000000049a       0x22 CMakeFiles/OLED.dir/pico-sdk/src/rp2_common/pico_double/double_v1_rom_shim.S.obj
 .ARM.attributes
                0x00000000000004bc       0x22 CMakeFiles/OLED.dir/pico-sdk/src/rp2_common/pico_int64_ops/pico_int64_ops_aeabi.S.obj
 .ARM.attributes
                0x00000000000004de       0x22 CMakeFiles/OLED.dir/pico-sdk/src/rp2_common/pico_float/float_aeabi.S.obj
 .ARM.attributes
                0x0000000000000500       0x2c CMakeFiles/OLED.dir/pico-sdk/src/rp2_common/pico_float/float_init_rom.c.obj
 .ARM.attributes
                0x000000000000052c       0x22 CMakeFiles/OLED.dir/pico-sdk/src/rp2_common/pico_float/float_v1_rom_shim.S.obj
 .ARM.attributes
                0x000000000000054e       0x22 CMakeFiles/OLED.dir/pico-sdk/src/rp2_common/pico_mem_ops/mem_ops_aeabi.S.obj
 .ARM.attributes
                0x0000000000000570       0x22 CMakeFiles/OLED.dir/pico-sdk/src/rp2_common/pico_standard_link/crt0.S.obj
 .ARM.attributes
                0x0000000000000592       0x32 CMakeFiles/OLED.dir/pico-sdk/src/rp2_common/pico_standard_link/binary_info.c.obj
 .ARM.attributes
                0x00000000000005c4       0x2c CMakeFiles/OLED.dir/pico-sdk/src/rp2_common/pico_stdio/stdio.c.obj
 .ARM.attributes
                0x00000000000005f0       0x2c CMakeFiles/OLED.dir/pico-sdk/src/rp2_common/pico_stdio_usb/reset_interface.c.obj
 .ARM.attributes
                0x000000000000061c       0x2c CMakeFiles/OLED.dir/pico-sdk/src/rp2_common/pico_stdio_usb/stdio_usb.c.obj
 .ARM.attributes
                0x0000000000000648       0x2c CMakeFiles/OLED.dir/pico-sdk/src/rp2_common/pico_stdio_usb/stdio_usb_descriptors.c.obj
 .ARM.attributes